Component: ARM Compiler 5.06 update 5 (build 528) Tool: armlink [4d35e2]

==============================================================================

Section Cross References

    startup_stm32f103xb.o(STACK) refers (Special) to heapauxi.o(.text) for __use_two_region_memory
    startup_stm32f103xb.o(HEAP) refers (Special) to heapauxi.o(.text) for __use_two_region_memory
    startup_stm32f103xb.o(RESET) refers (Special) to heapauxi.o(.text) for __use_two_region_memory
    startup_stm32f103xb.o(RESET) refers to startup_stm32f103xb.o(STACK) for __initial_sp
    startup_stm32f103xb.o(RESET) refers to startup_stm32f103xb.o(.text) for Reset_Handler
    startup_stm32f103xb.o(RESET) refers to stm32f1xx_it.o(i.NMI_Handler) for NMI_Handler
    startup_stm32f103xb.o(RESET) refers to stm32f1xx_it.o(i.HardFault_Handler) for HardFault_Handler
    startup_stm32f103xb.o(RESET) refers to stm32f1xx_it.o(i.MemManage_Handler) for MemManage_Handler
    startup_stm32f103xb.o(RESET) refers to stm32f1xx_it.o(i.BusFault_Handler) for BusFault_Handler
    startup_stm32f103xb.o(RESET) refers to stm32f1xx_it.o(i.UsageFault_Handler) for UsageFault_Handler
    startup_stm32f103xb.o(RESET) refers to stm32f1xx_it.o(i.SVC_Handler) for SVC_Handler
    startup_stm32f103xb.o(RESET) refers to stm32f1xx_it.o(i.DebugMon_Handler) for DebugMon_Handler
    startup_stm32f103xb.o(RESET) refers to stm32f1xx_it.o(i.PendSV_Handler) for PendSV_Handler
    startup_stm32f103xb.o(RESET) refers to stm32f1xx_it.o(i.SysTick_Handler) for SysTick_Handler
    startup_stm32f103xb.o(RESET) refers to stm32f1xx_it.o(i.USART1_IRQHandler) for USART1_IRQHandler
    startup_stm32f103xb.o(.text) refers (Special) to heapauxi.o(.text) for __use_two_region_memory
    startup_stm32f103xb.o(.text) refers to system_stm32f1xx.o(i.SystemInit) for SystemInit
    startup_stm32f103xb.o(.text) refers to __main.o(!!!main) for __main
    startup_stm32f103xb.o(.text) refers to startup_stm32f103xb.o(HEAP) for Heap_Mem
    startup_stm32f103xb.o(.text) refers to startup_stm32f103xb.o(STACK) for Stack_Mem
    oled.o(i.OLED_Clear) refers to oled.o(i.OLED_WR_CMD) for OLED_WR_CMD
    oled.o(i.OLED_Clear) refers to oled.o(i.OLED_WR_DATA) for OLED_WR_DATA
    oled.o(i.OLED_DisplayMode) refers to oled.o(i.OLED_WR_CMD) for OLED_WR_CMD
    oled.o(i.OLED_Display_Off) refers to oled.o(i.OLED_WR_CMD) for OLED_WR_CMD
    oled.o(i.OLED_Display_On) refers to oled.o(i.OLED_WR_CMD) for OLED_WR_CMD
    oled.o(i.OLED_DrawBMP) refers to oled.o(i.OLED_Set_Pos) for OLED_Set_Pos
    oled.o(i.OLED_DrawBMP) refers to oled.o(i.OLED_WR_DATA) for OLED_WR_DATA
    oled.o(i.OLED_HorizontalShift) refers to oled.o(i.OLED_WR_CMD) for OLED_WR_CMD
    oled.o(i.OLED_Init) refers to stm32f1xx_hal.o(i.HAL_Delay) for HAL_Delay
    oled.o(i.OLED_Init) refers to oled.o(i.OLED_WR_CMD) for OLED_WR_CMD
    oled.o(i.OLED_Init) refers to oled.o(.data) for .data
    oled.o(i.OLED_IntensityControl) refers to oled.o(i.OLED_WR_CMD) for OLED_WR_CMD
    oled.o(i.OLED_On) refers to oled.o(i.OLED_WR_CMD) for OLED_WR_CMD
    oled.o(i.OLED_On) refers to oled.o(i.OLED_WR_DATA) for OLED_WR_DATA
    oled.o(i.OLED_Set_Pos) refers to oled.o(i.OLED_WR_CMD) for OLED_WR_CMD
    oled.o(i.OLED_ShowCHinese) refers to oled.o(i.OLED_Set_Pos) for OLED_Set_Pos
    oled.o(i.OLED_ShowCHinese) refers to oled.o(i.OLED_WR_DATA) for OLED_WR_DATA
    oled.o(i.OLED_ShowCHinese) refers to oledfont.o(.constdata) for Hzk
    oled.o(i.OLED_ShowChar) refers to oled.o(i.OLED_Set_Pos) for OLED_Set_Pos
    oled.o(i.OLED_ShowChar) refers to oled.o(i.OLED_WR_DATA) for OLED_WR_DATA
    oled.o(i.OLED_ShowChar) refers to oledfont.o(.constdata) for F6x8
    oled.o(i.OLED_ShowChar) refers to oledfont.o(.constdata) for F8X16
    oled.o(i.OLED_ShowNum) refers to oled.o(i.oled_pow) for oled_pow
    oled.o(i.OLED_ShowNum) refers to oled.o(i.OLED_ShowChar) for OLED_ShowChar
    oled.o(i.OLED_ShowString) refers to oled.o(i.OLED_ShowChar) for OLED_ShowChar
    oled.o(i.OLED_Showdecimal) refers to ffix.o(x$fpl$ffix) for __aeabi_f2iz
    oled.o(i.OLED_Showdecimal) refers to oled.o(i.oled_pow) for oled_pow
    oled.o(i.OLED_Showdecimal) refers to oled.o(i.OLED_ShowChar) for OLED_ShowChar
    oled.o(i.OLED_Showdecimal) refers to fflt_clz.o(x$fpl$ffltu) for __aeabi_ui2f
    oled.o(i.OLED_Showdecimal) refers to fflt_clz.o(x$fpl$fflt) for __aeabi_i2f
    oled.o(i.OLED_Showdecimal) refers to faddsub_clz.o(x$fpl$frsb) for __aeabi_frsub
    oled.o(i.OLED_Showdecimal) refers to fmul.o(x$fpl$fmul) for __aeabi_fmul
    oled.o(i.OLED_Some_HorizontalShift) refers to oled.o(i.OLED_WR_CMD) for OLED_WR_CMD
    oled.o(i.OLED_VerticalAndHorizontalShift) refers to oled.o(i.OLED_WR_CMD) for OLED_WR_CMD
    oled.o(i.OLED_WR_CMD) refers to stm32f1xx_hal_i2c.o(i.HAL_I2C_Mem_Write) for HAL_I2C_Mem_Write
    oled.o(i.OLED_WR_CMD) refers to i2c.o(.bss) for hi2c1
    oled.o(i.OLED_WR_DATA) refers to stm32f1xx_hal_i2c.o(i.HAL_I2C_Mem_Write) for HAL_I2C_Mem_Write
[...]
    .text                                    0x080004e2   Section       78  rt_memclr_w.o(.text)
    .text                                    0x08000530   Section        0  heapauxi.o(.text)
    .text                                    0x08000538   Section        8  rt_errno_addr_intlibspace.o(.text)
    .text                                    0x08000540   Section        0  _printf_intcommon.o(.text)
    .text                                    0x080005f2   Section        0  _printf_fp_dec.o(.text)
    _fp_digits                               0x080005f5   Thumb Code   432  _printf_fp_dec.o(.text)
    .text                                    0x08000a10   Section        0  _printf_char_common.o(.text)
    _printf_input_char                       0x08000a11   Thumb Code    10  _printf_char_common.o(.text)
    .text                                    0x08000a40   Section        0  _sputc.o(.text)
    .text                                    0x08000a4a   Section        0  strtol.o(.text)
    .text                                    0x08000abc   Section        8  libspace.o(.text)
    .text                                    0x08000ac4   Section       16  rt_ctype_table.o(.text)
    .text                                    0x08000ad4   Section        8  rt_locale_intlibspace.o(.text)
    .text                                    0x08000adc   Section      138  lludiv10.o(.text)
    .text                                    0x08000b68   Section        0  _printf_fp_infnan.o(.text)
    .text                                    0x08000be8   Section        0  _strtoul.o(.text)
    .text                                    0x08000c88   Section        0  bigflt0.o(.text)
    .text                                    0x08000d6c   Section       74  sys_stackheap_outer.o(.text)
    .text                                    0x08000db6   Section        0  _chval.o(.text)
    .text                                    0x08000dd2   Section        0  exit.o(.text)
    .text                                    0x08000de4   Section      128  strcmpv7m.o(.text)
    .text                                    0x08000e64   Section        0  sys_exit.o(.text)
    .text                                    0x08000e70   Section        2  use_no_semi.o(.text)
    .text                                    0x08000e72   Section        0  indicate_semi.o(.text)
    CL$$btod_d2e                             0x08000e72   Section       62  btod.o(CL$$btod_d2e)
    CL$$btod_d2e_denorm_low                  0x08000eb0   Section       70  btod.o(CL$$btod_d2e_denorm_low)
    CL$$btod_d2e_norm_op1                    0x08000ef6   Section       96  btod.o(CL$$btod_d2e_norm_op1)
    CL$$btod_div_common                      0x08000f56   Section      824  btod.o(CL$$btod_div_common)
    CL$$btod_e2e                             0x0800128e   Section      220  btod.o(CL$$btod_e2e)
    CL$$btod_ediv                            0x0800136a   Section       42  btod.o(CL$$btod_ediv)
    CL$$btod_emul                            0x08001394   Section       42  btod.o(CL$$btod_emul)
    CL$$btod_mult_common                     0x080013be   Section      580  btod.o(CL$$btod_mult_common)
    i.BusFault_Handler                       0x08001602   Section        0  stm32f1xx_it.o(i.BusFault_Handler)
    i.Button_ScanAdd                         0x08001604   Section        0  main.o(i.Button_ScanAdd)
    Button_ScanAdd                           0x08001605   Thumb Code    74  main.o(i.Button_ScanAdd)
    i.Button_ScanSub                         0x08001658   Section        0  main.o(i.Button_ScanSub)
    Button_ScanSub                           0x08001659   Thumb Code    74  main.o(i.Button_ScanSub)
    i.CheckAlarm                             0x080016ac   Section        0  main.o(i.CheckAlarm)
    CheckAlarm                               0x080016ad   Thumb Code    72  main.o(i.CheckAlarm)
    i.DHT11_Read                             0x0800170c   Section        0  dht11.o(i.DHT11_Read)
    i.DebugMon_Handler                       0x08001828   Section        0  stm32f1xx_it.o(i.DebugMon_Handler)
    i.Error_Handler                          0x0800182a   Section        0  main.o(i.Error_Handler)
    i.HAL_Delay                              0x08001830   Section        0  stm32f1xx_hal.o(i.HAL_Delay)
    i.HAL_GPIO_Init                          0x08001854   Section        0  stm32f1xx_hal_gpio.o(i.HAL_GPIO_Init)
    i.HAL_GPIO_ReadPin                       0x08001a34   Section        0  stm32f1xx_hal_gpio.o(i.HAL_GPIO_ReadPin)
    i.HAL_GPIO_WritePin                      0x08001a3e   Section        0  stm32f1xx_hal_gpio.o(i.HAL_GPIO_WritePin)
    i.HAL_GetTick                            0x08001a48   Section        0  stm32f1xx_hal.o(i.HAL_GetTick)
    i.HAL_I2C_Init                           0x08001a54   Section        0  stm32f1xx_hal_i2c.o(i.HAL_I2C_Init)
    i.HAL_I2C_Mem_Write                      0x08001bdc   Section        0  stm32f1xx_hal_i2c.o(i.HAL_I2C_Mem_Write)
    i.HAL_I2C_MspInit                        0x08001d0c   Section        0  i2c.o(i.HAL_I2C_MspInit)
    i.HAL_IncTick                            0x08001d7c   Section        0  stm32f1xx_hal.o(i.HAL_IncTick)
    i.HAL_Init                               0x08001d8c   Section        0  stm32f1xx_hal.o(i.HAL_Init)
    i.HAL_InitTick                           0x08001db0   Section        0  stm32f1xx_hal.o(i.HAL_InitTick)
    i.HAL_MspInit                            0x08001df0   Section        0  stm32f1xx_hal_msp.o(i.HAL_MspInit)
    i.HAL_NVIC_EnableIRQ                     0x08001e2c   Section        0  stm32f1xx_hal_cortex.o(i.HAL_NVIC_EnableIRQ)
    i.HAL_NVIC_SetPriority                   0x08001e48   Section        0  stm32f1xx_hal_cortex.o(i.HAL_NVIC_SetPriority)
    i.HAL_NVIC_SetPriorityGrouping           0x08001e88   Section        0  stm32f1xx_hal_cortex.o(i.HAL_NVIC_SetPriorityGrouping)
    i.HAL_RCC_ClockConfig                    0x08001eac   Section        0  stm32f1xx_hal_rcc.o(i.HAL_RCC_ClockConfig)
    i.HAL_RCC_GetPCLK1Freq                   0x08001fd8   Section        0  stm32f1xx_hal_rcc.o(i.HAL_RCC_GetPCLK1Freq)
    i.HAL_RCC_GetPCLK2Freq                   0x08001ff8   Section        0  stm32f1xx_hal_rcc.o(i.HAL_RCC_GetPCLK2Freq)
    i.HAL_RCC_GetSysClockFreq                0x08002018   Section        0  stm32f1xx_hal_rcc.o(i.HAL_RCC_GetSysClockFreq)
    i.HAL_RCC_OscConfig                      0x08002064   Section        0  stm32f1xx_hal_rcc.o(i.HAL_RCC_OscConfig)
    i.HAL_SYSTICK_Config                     0x08002384   Section        0  stm32f1xx_hal_cortex.o(i.HAL_SYSTICK_Config)
    i.HAL_TIMEx_ConfigBreakDeadTime          0x080023ac   Section        0  stm32f1xx_hal_tim_ex.o(i.HAL_TIMEx_ConfigBreakDeadTime)
    i.HAL_TIMEx_MasterConfigSynchronization  0x08002400   Section        0  stm32f1xx_hal_tim_ex.o(i.HAL_TIMEx_MasterConfigSynchronization)
    i.HAL_TIM_Base_Init                      0x08002468   Section        0  stm32f1xx_hal_tim.o(i.HAL_TIM_Base_Init)
    i.HAL_TIM_Base_MspInit                   0x080024c4   Section        0  tim.o(i.HAL_TIM_Base_MspInit)
    i.HAL_TIM_ConfigClockSource              0x08002500   Section        0  stm32f1xx_hal_tim.o(i.HAL_TIM_ConfigClockSource)
    i.HAL_TIM_MspPostInit                    0x080025dc   Section        0  tim.o(i.HAL_TIM_MspPostInit)
    i.HAL_TIM_PWM_ConfigChannel              0x0800266c   Section        0  stm32f1xx_hal_tim.o(i.HAL_TIM_PWM_ConfigChannel)
    i.HAL_TIM_PWM_Init                       0x08002738   Section        0  stm32f1xx_hal_tim.o(i.HAL_TIM_PWM_Init)
    i.HAL_TIM_PWM_MspInit                    0x08002792   Section        0  stm32f1xx_hal_tim.o(i.HAL_TIM_PWM_MspInit)
    i.HAL_TIM_PWM_Start                      0x08002794   Section        0  stm32f1xx_hal_tim.o(i.HAL_TIM_PWM_Start)
    i.HAL_UART_Init                          0x08002830   Section        0  stm32f1xx_hal_uart.o(i.HAL_UART_Init)
    i.HAL_UART_MspInit                       0x08002894   Section        0  usart.o(i.HAL_UART_MspInit)
    i.HAL_UART_Transmit                      0x08002924   Section        0  stm32f1xx_hal_uart.o(i.HAL_UART_Transmit)
    i.HardFault_Handler                      0x080029c4   Section        0  stm32f1xx_it.o(i.HardFault_Handler)
    i.I2C_IsAcknowledgeFailed                0x080029c6   Section        0  stm32f1xx_hal_i2c.o(i.I2C_IsAcknowledgeFailed)
    I2C_IsAcknowledgeFailed                  0x080029c7   Thumb Code    46  stm32f1xx_hal_i2c.o(i.I2C_IsAcknowledgeFailed)
    i.I2C_RequestMemoryWrite                 0x080029f4   Section        0  stm32f1xx_hal_i2c.o(i.I2C_RequestMemoryWrite)
    I2C_RequestMemoryWrite                   0x080029f5   Thumb Code   162  stm32f1xx_hal_i2c.o(i.I2C_RequestMemoryWrite)
    i.I2C_WaitOnBTFFlagUntilTimeout          0x08002a9c   Section        0  stm32f1xx_hal_i2c.o(i.I2C_WaitOnBTFFlagUntilTimeout)
    I2C_WaitOnBTFFlagUntilTimeout            0x08002a9d   Thumb Code    86  stm32f1xx_hal_i2c.o(i.I2C_WaitOnBTFFlagUntilTimeout)
    i.I2C_WaitOnFlagUntilTimeout             0x08002af4   Section        0  stm32f1xx_hal_i2c.o(i.I2C_WaitOnFlagUntilTimeout)
    I2C_WaitOnFlagUntilTimeout               0x08002af5   Thumb Code   144  stm32f1xx_hal_i2c.o(i.I2C_WaitOnFlagUntilTimeout)
    i.I2C_WaitOnMasterAddressFlagUntilTimeout 0x08002b84   Section        0  stm32f1xx_hal_i2c.o(i.I2C_WaitOnMasterAddressFlagUntilTimeout)
    I2C_WaitOnMasterAddressFlagUntilTimeout  0x08002b85   Thumb Code   188  stm32f1xx_hal_i2c.o(i.I2C_WaitOnMasterAddressFlagUntilTimeout)
    i.I2C_WaitOnTXEFlagUntilTimeout          0x08002c40   Section        0  stm32f1xx_hal_i2c.o(i.I2C_WaitOnTXEFlagUntilTimeout)
    I2C_WaitOnTXEFlagUntilTimeout            0x08002c41   Thumb Code    86  stm32f1xx_hal_i2c.o(i.I2C_WaitOnTXEFlagUntilTimeout)
    i.LED_UpdateByAngle                      0x08002c98   Section        0  main.o(i.LED_UpdateByAngle)
    LED_UpdateByAngle                        0x08002c99   Thumb Code   100  main.o(i.LED_UpdateByAngle)
    i.MX_GPIO_Init                           0x08002d00   Section        0  gpio.o(i.MX_GPIO_Init)
    i.MX_I2C1_Init                           0x08002dc0   Section        0  i2c.o(i.MX_I2C1_Init)
    i.MX_TIM1_Init                           0x08002e00   Section        0  tim.o(i.MX_TIM1_Init)
    i.MX_TIM2_Init                           0x08002ecc   Section        0  tim.o(i.MX_TIM2_Init)
    i.MX_USART1_UART_Init                    0x08002f64   Section        0  usart.o(i.MX_USART1_UART_Init)
    i.MemManage_Handler                      0x08002fa4   Section        0  stm32f1xx_it.o(i.MemManage_Handler)
    i.NMI_Handler                            0x08002fa6   Section        0  stm32f1xx_it.o(i.NMI_Handler)
    i.OLED_Clear                             0x08002fa8   Section        0  oled.o(i.OLED_Clear)
    i.OLED_Init                              0x08002fdc   Section        0  oled.o(i.OLED_Init)
    i.OLED_Set_Pos                           0x08002ffc   Section        0  oled.o(i.OLED_Set_Pos)
    i.OLED_ShowCHinese                       0x08003020   Section        0  oled.o(i.OLED_ShowCHinese)
    i.OLED_ShowChar                          0x08003074   Section        0  oled.o(i.OLED_ShowChar)
    i.OLED_ShowNum                           0x08003110   Section        0  oled.o(i.OLED_ShowNum)
    i.OLED_ShowString                        0x08003184   Section        0  oled.o(i.OLED_ShowString)
    i.OLED_WR_CMD                            0x080031dc   Section        0  oled.o(i.OLED_WR_CMD)
    i.OLED_WR_DATA                           0x08003200   Section        0  oled.o(i.OLED_WR_DATA)
    i.PID_FanControl                         0x08003224   Section        0  main.o(i.PID_FanControl)
    PID_FanControl                           0x08003225   Thumb Code   142  main.o(i.PID_FanControl)
    i.PID_Init                               0x080032d4   Section        0  main.o(i.PID_Init)
    PID_Init                                 0x080032d5   Thumb Code    22  main.o(i.PID_Init)
    i.PID_Update                             0x080032ec   Section        0  main.o(i.PID_Update)
    PID_Update                               0x080032ed   Thumb Code   168  main.o(i.PID_Update)
    i.PWM_SetDriverCompare                   0x08003398   Section        0  tim.o(i.PWM_SetDriverCompare)
    i.PWM_SetServoCompare                    0x080033a4   Section        0  tim.o(i.PWM_SetServoCompare)
    i.ParseUSARTCommand                      0x080033b0   Section        0  main.o(i.ParseUSARTCommand)
    ParseUSARTCommand                        0x080033b1   Thumb Code   202  main.o(i.ParseUSARTCommand)
    i.PendSV_Handler                         0x08003494   Section        0  stm32f1xx_it.o(i.PendSV_Handler)
    i.SVC_Handler                            0x08003496   Section        0  stm32f1xx_it.o(i.SVC_Handler)
    i.SysTick_Handler                        0x08003498   Section        0  stm32f1xx_it.o(i.SysTick_Handler)
    i.SystemClock_Config                     0x0800349c   Section        0  main.o(i.SystemClock_Config)
    i.SystemInit                             0x080034fa   Section        0  system_stm32f1xx.o(i.SystemInit)
    i.TIM_Base_SetConfig                     0x080034fc   Section        0  stm32f1xx_hal_tim.o(i.TIM_Base_SetConfig)
    i.TIM_CCxChannelCmd                      0x08003574   Section        0  stm32f1xx_hal_tim.o(i.TIM_CCxChannelCmd)
    i.TIM_ETR_SetConfig                      0x0800358e   Section        0  stm32f1xx_hal_tim.o(i.TIM_ETR_SetConfig)
    i.TIM_ITRx_SetConfig                     0x080035a2   Section        0  stm32f1xx_hal_tim.o(i.TIM_ITRx_SetConfig)
    TIM_ITRx_SetConfig                       0x080035a3   Thumb Code    16  stm32f1xx_hal_tim.o(i.TIM_ITRx_SetConfig)
    i.TIM_OC1_SetConfig                      0x080035b4   Section        0  stm32f1xx_hal_tim.o(i.TIM_OC1_SetConfig)
    TIM_OC1_SetConfig                        0x080035b5   Thumb Code    74  stm32f1xx_hal_tim.o(i.TIM_OC1_SetConfig)
    i.TIM_OC2_SetConfig                      0x08003604   Section        0  stm32f1xx_hal_tim.o(i.TIM_OC2_SetConfig)
    i.TIM_OC3_SetConfig                      0x0800365c   Section        0  stm32f1xx_hal_tim.o(i.TIM_OC3_SetConfig)
    TIM_OC3_SetConfig                        0x0800365d   Thumb Code    82  stm32f1xx_hal_tim.o(i.TIM_OC3_SetConfig)
    i.TIM_OC4_SetConfig                      0x080036b4   Section        0  stm32f1xx_hal_tim.o(i.TIM_OC4_SetConfig)
    TIM_OC4_SetConfig                        0x080036b5   Thumb Code    64  stm32f1xx_hal_tim.o(i.TIM_OC4_SetConfig)
    i.TIM_TI1_ConfigInputStage               0x080036f8   Section        0  stm32f1xx_hal_tim.o(i.TIM_TI1_ConfigInputStage)
    TIM_TI1_ConfigInputStage                 0x080036f9   Thumb Code    34  stm32f1xx_hal_tim.o(i.TIM_TI1_ConfigInputStage)
    i.TIM_TI2_ConfigInputStage               0x0800371a   Section        0  stm32f1xx_hal_tim.o(i.TIM_TI2_ConfigInputStage)
    TIM_TI2_ConfigInputStage                 0x0800371b   Thumb Code    36  stm32f1xx_hal_tim.o(i.TIM_TI2_ConfigInputStage)
    i.UART_EndRxTransfer                     0x0800373e   Section        0  stm32f1xx_hal_uart.o(i.UART_EndRxTransfer)
    UART_EndRxTransfer                       0x0800373f   Thumb Code    78  stm32f1xx_hal_uart.o(i.UART_EndRxTransfer)
    i.UART_SetConfig                         0x0800378c   Section        0  stm32f1xx_hal_uart.o(i.UART_SetConfig)
    UART_SetConfig                           0x0800378d   Thumb Code   178  stm32f1xx_hal_uart.o(i.UART_SetConfig)
    i.UART_WaitOnFlagUntilTimeout            0x08003844   Section        0  stm32f1xx_hal_uart.o(i.UART_WaitOnFlagUntilTimeout)
    UART_WaitOnFlagUntilTimeout              0x08003845   Thumb Code   114  stm32f1xx_hal_uart.o(i.UART_WaitOnFlagUntilTimeout)
    i.USART1_IRQHandler                      0x080038b8   Section        0  stm32f1xx_it.o(i.USART1_IRQHandler)
    i.USART_SendString                       0x08003918   Section        0  usart.o(i.USART_SendString)
    i.UpdateOLED_Main                        0x08003934   Section        0  main.o(i.UpdateOLED_Main)
    UpdateOLED_Main                          0x08003935   Thumb Code   264  main.o(i.UpdateOLED_Main)
    i.UpdateOLED_Screen1                     0x08003a64   Section        0  main.o(i.UpdateOLED_Screen1)
    UpdateOLED_Screen1                       0x08003a65   Thumb Code   110  main.o(i.UpdateOLED_Screen1)
    i.UpdateOLED_Screen2                     0x08003adc   Section        0  main.o(i.UpdateOLED_Screen2)
    UpdateOLED_Screen2                       0x08003add   Thumb Code   124  main.o(i.UpdateOLED_Screen2)
    i.UsageFault_Handler                     0x08003bb0   Section        0  stm32f1xx_it.o(i.UsageFault_Handler)
    i.__ARM_fpclassify                       0x08003bb2   Section        0  fpclassify.o(i.__ARM_fpclassify)
    i.__NVIC_SetPriority                     0x08003bda   Section        0  stm32f1xx_hal_cortex.o(i.__NVIC_SetPriority)
    __NVIC_SetPriority                       0x08003bdb   Thumb Code    32  stm32f1xx_hal_cortex.o(i.__NVIC_SetPriority)
    i._is_digit                              0x08003bfa   Section        0  __printf_wp.o(i._is_digit)
    i.delay_us                               0x08003c08   Section        0  dht11.o(i.delay_us)
    delay_us                                 0x08003c09   Thumb Code    22  dht11.o(i.delay_us)
    i.main                                   0x08003c28   Section        0  main.o(i.main)
    i.oled_pow                               0x08003f70   Section        0  oled.o(i.oled_pow)
    i.wait_level                             0x08003f80   Section        0  dht11.o(i.wait_level)
    wait_level                               0x08003f81   Thumb Code    38  dht11.o(i.wait_level)
    locale$$code                             0x08003fac   Section       44  lc_numeric_c.o(locale$$code)
    locale$$code                             0x08003fd8   Section       44  lc_ctype_c.o(locale$$code)
    x$fpl$dretinf                            0x08004004   Section       12  dretinf.o(x$fpl$dretinf)
    x$fpl$f2d                                0x08004010   Section       86  f2d.o(x$fpl$f2d)
    x$fpl$fadd                               0x08004068   Section      196  faddsub_clz.o(x$fpl$fadd)
    _fadd1                                   0x08004077   Thumb Code     0  faddsub_clz.o(x$fpl$fadd)
    x$fpl$fcmpinf                            0x0800412c   Section       24  fcmpi.o(x$fpl$fcmpinf)
    x$fpl$fdiv                               0x08004144   Section      388  fdiv.o(x$fpl$fdiv)
    _fdiv1                                   0x08004145   Thumb Code     0  fdiv.o(x$fpl$fdiv)
    x$fpl$feqf                               0x080042c8   Section      104  feqf.o(x$fpl$feqf)
    x$fpl$ffixu                              0x08004330   Section       62  ffixu.o(x$fpl$ffixu)
    x$fpl$ffltu                              0x08004370   Section       38  fflt_clz.o(x$fpl$ffltu)
    x$fpl$fleqf                              0x08004398   Section      104  fleqf.o(x$fpl$fleqf)
    x$fpl$fmul                               0x08004400   Section      258  fmul.o(x$fpl$fmul)
    x$fpl$fnaninf                            0x08004502   Section      140  fnaninf.o(x$fpl$fnaninf)
    x$fpl$fretinf                            0x0800458e   Section       10  fretinf.o(x$fpl$fretinf)
    x$fpl$frleqf                             0x08004598   Section       98  frleqf.o(x$fpl$frleqf)
    x$fpl$fsub                               0x080045fc   Section      234  faddsub_clz.o(x$fpl$fsub)
    _fsub1                                   0x0800460b   Thumb Code     0  faddsub_clz.o(x$fpl$fsub)
    x$fpl$printf1                            0x080046e6   Section        4  printf1.o(x$fpl$printf1)
    .constdata                               0x080046ea   Section      552  oledfont.o(.constdata)
    x$fpl$usenofp                            0x080046ea   Section        0  usenofp.o(x$fpl$usenofp)
    .constdata                               0x08004912   Section     1504  oledfont.o(.constdata)
    .constdata                               0x08004ef2   Section     1152  oledfont.o(.constdata)
    .constdata                               0x08005372   Section       18  stm32f1xx_hal_rcc.o(.constdata)
    aPredivFactorTable                       0x08005372   Data           2  stm32f1xx_hal_rcc.o(.constdata)
    aPLLMULFactorTable                       0x08005374   Data          16  stm32f1xx_hal_rcc.o(.constdata)
    .constdata                               0x08005384   Section       16  system_stm32f1xx.o(.constdata)
    .constdata                               0x08005394   Section        8  system_stm32f1xx.o(.constdata)
    .constdata                               0x0800539c   Section      148  bigflt0.o(.constdata)
    tenpwrs_x                                0x0800539c   Data          60  bigflt0.o(.constdata)
    tenpwrs_i                                0x080053d8   Data          64  bigflt0.o(.constdata)
    locale$$data                             0x08005450   Section       28  lc_numeric_c.o(locale$$data)
    __lcnum_c_name                           0x08005454   Data           2  lc_numeric_c.o(locale$$data)
    __lcnum_c_start                          0x0800545c   Data           0  lc_numeric_c.o(locale$$data)
    __lcnum_c_point                          0x08005468   Data           0  lc_numeric_c.o(locale$$data)
    __lcnum_c_thousands                      0x0800546a   Data           0  lc_numeric_c.o(locale$$data)
    __lcnum_c_grouping                       0x0800546b   Data           0  lc_numeric_c.o(locale$$data)
    locale$$data                             0x0800546c   Section      272  lc_ctype_c.o(locale$$data)
    __lcnum_c_end                            0x0800546c   Data           0  lc_numeric_c.o(locale$$data)
    __lcctype_c_name                         0x08005470   Data           2  lc_ctype_c.o(locale$$data)
    __lcctype_c_start                        0x08005478   Data           0  lc_ctype_c.o(locale$$data)
    __lcctype_c_end                          0x0800557c   Data           0  lc_ctype_c.o(locale$$data)
    .data                                    0x20000000   Section       23  oled.o(.data)
    .data                                    0x20000018   Section       52  main.o(.data)
    auto_mode                                0x20000018   Data           1  main.o(.data)
    alarm_state                              0x20000019   Data           1  main.o(.data)
    main_press                               0x2000001a   Data           1  main.o(.data)
    mode_sel                                 0x2000001b   Data           1  main.o(.data)
    last_stable                              0x2000001c   Data           1  main.o(.data)
    last_raw                                 0x2000001d   Data           1  main.o(.data)
    last_stable                              0x2000001e   Data           1  main.o(.data)
    last_raw                                 0x2000001f   Data           1  main.o(.data)
    last_sel                                 0x20000020   Data           1  main.o(.data)
    fan_duty                                 0x20000022   Data           2  main.o(.data)
    servo_angle                              0x20000024   Data           2  main.o(.data)
    last_duty                                0x20000026   Data           2  main.o(.data)
    last_servo                               0x20000028   Data           2  main.o(.data)
    current_temp                             0x2000002c   Data           4  main.o(.data)
    current_hum                              0x20000030   Data           4  main.o(.data)
    last_sensor_tick                         0x20000034   Data           4  main.o(.data)
    tick                                     0x20000038   Data           4  main.o(.data)
    tick                                     0x2000003c   Data           4  main.o(.data)
    last_rem                                 0x20000040   Data           4  main.o(.data)
    last_temp                                0x20000044   Data           4  main.o(.data)
    last_hum                                 0x20000048   Data           4  main.o(.data)
    .data                                    0x2000004c   Section        1  usart.o(.data)
    .data                                    0x2000004d   Section        1  usart.o(.data)
    .data                                    0x2000004e   Section        1  stm32f1xx_it.o(.data)
    rx_index                                 0x2000004e   Data           1  stm32f1xx_it.o(.data)
    .data                                    0x20000050   Section       12  stm32f1xx_hal.o(.data)
    .data                                    0x2000005c   Section        4  system_stm32f1xx.o(.data)
    .bss                                     0x20000060   Section      128  main.o(.bss)
    usart_tx_buf                             0x20000060   Data          64  main.o(.bss)
    pid_temp                                 0x200000a0   Data          32  main.o(.bss)
    pid_hum                                  0x200000c0   Data          32  main.o(.bss)
    .bss                                     0x200000e0   Section       84  i2c.o(.bss)
    .bss                                     0x20000134   Section      144  tim.o(.bss)
    .bss                                     0x200001c4   Section       64  usart.o(.bss)
    .bss                                     0x20000204   Section       72  usart.o(.bss)
    .bss                                     0x2000024c   Section       96  libspace.o(.bss)
    HEAP                                     0x200002b0   Section      512  startup_stm32f103xb.o(HEAP)
    Heap_Mem                                 0x200002b0   Data         512  startup_stm32f103xb.o(HEAP)
    STACK                                    0x200004b0   Section     1024  startup_stm32f103xb.o(STACK)
    Stack_Mem                                0x200004b0   Data        1024  startup_stm32f103xb.o(STACK)
    __initial_sp                             0x200008b0   Data           0  startup_stm32f103xb.o(STACK)

    Global Symbols

    Symbol Name                              Value     Ov Type        Size  Object(Section)

    BuildAttributes$$THM_ISAv4$P$D$K$B$S$PE$A:L22UL41UL21$X:L11$S22US41US21$IEEE1$IW$USESV6$~STKCKD$USESV7$~SHL$OTIME$ROPI$IEEEJ$EBA8$UX$STANDARDLIB$REQ8$PRES8$EABIv2 0x00000000   Number         0  anon$$obj.o ABSOLUTE
    __ARM_use_no_argv                        0x00000000   Number         0  main.o ABSOLUTE
    _printf_flags                            0x00000000   Number         0  printf_stubs.o ABSOLUTE
    _printf_return_value                     0x00000000   Number         0  printf_stubs.o ABSOLUTE
    _printf_sizespec                         0x00000000   Number         0  printf_stubs.o ABSOLUTE
    _printf_widthprec                        0x00000000   Number         0  printf_stubs.o ABSOLUTE
    __ARM_exceptions_init                     - Undefined Weak Reference
    __alloca_initialize                       - Undefined Weak Reference
    __arm_preinit_                            - Undefined Weak Reference
    __cpp_initialize__aeabi_                  - Undefined Weak Reference
    __cxa_finalize                            - Undefined Weak Reference
    __sigvec_lookup                           - Undefined Weak Reference
    _atexit_init                              - Undefined Weak Reference
    _call_atexit_fns                          - Undefined Weak Reference
    _clock_init                               - Undefined Weak Reference
    _fp_trap_init                             - Undefined Weak Reference
    _fp_trap_shutdown                         - Undefined Weak Reference
    _get_lc_collate                           - Undefined Weak Reference
    _get_lc_monetary                          - Undefined Weak Reference
    _get_lc_time                              - Undefined Weak Reference
    _getenv_init                              - Undefined Weak Reference
    _handle_redirection                       - Undefined Weak Reference
    _init_alloc                               - Undefined Weak Reference
    _init_user_alloc                          - Undefined Weak Reference
    _initio                                   - Undefined Weak Reference
    _printf_post_padding                      - Undefined Weak Reference
    _printf_pre_padding                       - Undefined Weak Reference
    _printf_truncate_signed                   - Undefined Weak Reference
    _printf_truncate_unsigned                 - Undefined Weak Reference
    _rand_init                                - Undefined Weak Reference
    _signal_finish                            - Undefined Weak Reference
    _signal_init                              - Undefined Weak Reference
    _terminate_alloc                          - Undefined Weak Reference
    _terminate_user_alloc                     - Undefined Weak Reference
    _terminateio                              - Undefined Weak Reference
    __Vectors_Size                           0x000000ec   Number         0  startup_stm32f103xb.o ABSOLUTE
    __Vectors                                0x08000000   Data           4  startup_stm32f103xb.o(RESET)
    __Vectors_End                            0x080000ec   Data           0  startup_stm32f103xb.o(RESET)
    __main                                   0x080000ed   Thumb Code     8  __main.o(!!!main)
    __scatterload                            0x080000f5   Thumb Code     0  __scatter.o(!!!scatter)
    __scatterload_rt2                        0x080000f5   Thumb Code    44  __scatter.o(!!!scatter)
    __scatterload_rt2_thumb_only             0x080000f5   Thumb Code     0  __scatter.o(!!!scatter)
    __scatterload_null                       0x08000103   Thumb Code     0  __scatter.o(!!!scatter)
    __scatterload_copy                       0x08000129   Thumb Code    26  __scatter_copy.o(!!handler_copy)
    __scatterload_zeroinit                   0x08000145   Thumb Code    28  __scatter_zi.o(!!handler_zi)
    _printf_f                                0x08000161   Thumb Code     0  _printf_f.o(.ARM.Collect$$_printf_percent$$00000003)
    _printf_percent                          0x08000161   Thumb Code     0  _printf_percent.o(.ARM.Collect$$_printf_percent$$00000000)
    _printf_u                                0x08000167   Thumb Code     0  _printf_u.o(.ARM.Collect$$_printf_percent$$0000000A)
    _printf_percent_end                      0x0800016d   Thumb Code     0  _printf_percent_end.o(.ARM.Collect$$_printf_percent$$00000017)
    __rt_lib_init                            0x08000171   Thumb Code     0  libinit.o(.ARM.Collect$$libinit$$00000000)
    __rt_lib_init_fp_1                       0x08000173   Thumb Code     0  libinit2.o(.ARM.Collect$$libinit$$00000002)
    __rt_lib_init_heap_1                     0x08000173   Thumb Code     0  libinit2.o(.ARM.Collect$$libinit$$0000000A)
    __rt_lib_init_lc_common                  0x08000173   Thumb Code     0  libinit2.o(.ARM.Collect$$libinit$$0000000F)
    __rt_lib_init_preinit_1                  0x08000173   Thumb Code     0  libinit2.o(.ARM.Collect$$libinit$$00000004)
    __rt_lib_init_rand_1                     0x08000173   Thumb Code     0  libinit2.o(.ARM.Collect$$libinit$$0000000E)
    __rt_lib_init_user_alloc_1               0x08000173   Thumb Code     0  libinit2.o(.ARM.Collect$$libinit$$0000000C)
    __rt_lib_init_lc_collate_1               0x08000179   Thumb Code     0  libinit2.o(.ARM.Collect$$libinit$$00000011)
    __rt_lib_init_lc_ctype_2                 0x08000179   Thumb Code     0  libinit2.o(.ARM.Collect$$libinit$$00000012)
    __rt_lib_init_lc_ctype_1                 0x08000185   Thumb Code     0  libinit2.o(.ARM.Collect$$libinit$$00000013)
    __rt_lib_init_lc_monetary_1              0x08000185   Thumb Code     0  libinit2.o(.ARM.Collect$$libinit$$00000015)
    __rt_lib_init_lc_numeric_2               0x08000185   Thumb Code     0  libinit2.o(.ARM.Collect$$libinit$$00000016)
    __rt_lib_init_alloca_1                   0x0800018f   Thumb Code     0  libinit2.o(.ARM.Collect$$libinit$$0000002E)
    __rt_lib_init_argv_1                     0x0800018f   Thumb Code     0  libinit2.o(.ARM.Collect$$libinit$$0000002C)
    __rt_lib_init_atexit_1                   0x0800018f   Thumb Code     0  libinit2.o(.ARM.Collect$$libinit$$0000001B)
    __rt_lib_init_clock_1                    0x0800018f   Thumb Code     0  libinit2.o(.ARM.Collect$$libinit$$00000021)
    __rt_lib_init_cpp_1                      0x0800018f   Thumb Code     0  libinit2.o(.ARM.Collect$$libinit$$00000032)
    __rt_lib_init_exceptions_1               0x0800018f   Thumb Code     0  libinit2.o(.ARM.Collect$$libinit$$00000030)
    __rt_lib_init_fp_trap_1                  0x0800018f   Thumb Code     0  libinit2.o(.ARM.Collect$$libinit$$0000001F)
    __rt_lib_init_getenv_1                   0x0800018f   Thumb Code     0  libinit2.o(.ARM.Collect$$libinit$$00000023)
    __rt_lib_init_lc_numeric_1               0x0800018f   Thumb Code     0  libinit2.o(.ARM.Collect$$libinit$$00000017)
    __rt_lib_init_lc_time_1                  0x0800018f   Thumb Code     0  libinit2.o(.ARM.Collect$$libinit$$00000019)
    __rt_lib_init_return                     0x0800018f   Thumb Code     0  libinit2.o(.ARM.Collect$$libinit$$00000033)
    __rt_lib_init_signal_1                   0x0800018f   Thumb Code     0  libinit2.o(.ARM.Collect$$libinit$$0000001D)
    __rt_lib_init_stdio_1                    0x0800018f   Thumb Code     0  libinit2.o(.ARM.Collect$$libinit$$00000025)
    __rt_lib_shutdown                        0x08000191   Thumb Code     0  libshutdown.o(.ARM.Collect$$libshutdown$$00000000)
    __rt_lib_shutdown_cpp_1                  0x08000193   Thumb Code     0  libshutdown2.o(.ARM.Collect$$libshutdown$$00000002)
    __rt_lib_shutdown_fp_trap_1              0x08000193   Thumb Code     0  libshutdown2.o(.ARM.Collect$$libshutdown$$00000007)
    __rt_lib_shutdown_heap_1                 0x08000193   Thumb Code     0  libshutdown2.o(.ARM.Collect$$libshutdown$$0000000F)
    __rt_lib_shutdown_return                 0x08000193   Thumb Code     0  libshutdown2.o(.ARM.Collect$$libshutdown$$00000010)
    __rt_lib_shutdown_signal_1               0x08000193   Thumb Code     0  libshutdown2.o(.ARM.Collect$$libshutdown$$0000000A)
    __rt_lib_shutdown_stdio_1                0x08000193   Thumb Code     0  libshutdown2.o(.ARM.Collect$$libshutdown$$00000004)
    __rt_lib_shutdown_user_alloc_1           0x08000193   Thumb Code     0  libshutdown2.o(.ARM.Collect$$libshutdown$$0000000C)
    __rt_entry                               0x08000195   Thumb Code     0  __rtentry.o(.ARM.Collect$$rtentry$$00000000)
    __rt_entry_presh_1                       0x08000195   Thumb Code     0  __rtentry2.o(.ARM.Collect$$rtentry$$00000002)
    __rt_entry_sh                            0x08000195   Thumb Code     0  __rtentry4.o(.ARM.Collect$$rtentry$$00000004)
    __rt_entry_li                            0x0800019b   Thumb Code     0  __rtentry2.o(.ARM.Collect$$rtentry$$0000000A)
    __rt_entry_postsh_1                      0x0800019b   Thumb Code     0  __rtentry2.o(.ARM.Collect$$rtentry$$00000009)
    __rt_entry_main                          0x0800019f   Thumb Code     0  __rtentry2.o(.ARM.Collect$$rtentry$$0000000D)
    __rt_entry_postli_1                      0x0800019f   Thumb Code     0  __rtentry2.o(.ARM.Collect$$rtentry$$0000000C)
    __rt_exit                                0x080001a7   Thumb Code     0  rtexit.o(.ARM.Collect$$rtexit$$00000000)
    __rt_exit_ls                             0x080001a9   Thumb Code     0  rtexit2.o(.ARM.Collect$$rtexit$$00000003)
    __rt_exit_prels_1                        0x080001a9   Thumb Code     0  rtexit2.o(.ARM.Collect$$rtexit$$00000002)
    __rt_exit_exit                           0x080001ad   Thumb Code     0  rtexit2.o(.ARM.Collect$$rtexit$$00000004)
    Reset_Handler                            0x080001b5   Thumb Code     8  startup_stm32f103xb.o(.text)
    ADC1_2_IRQHandler                        0x080001cf   Thumb Code     0  startup_stm32f103xb.o(.text)
    CAN1_RX1_IRQHandler                      0x080001cf   Thumb Code     0  startup_stm32f103xb.o(.text)
    CAN1_SCE_IRQHandler                      0x080001cf   Thumb Code     0  startup_stm32f103xb.o(.text)
    DMA1_Channel1_IRQHandler                 0x080001cf   Thumb Code     0  startup_stm32f103xb.o(.text)
    DMA1_Channel2_IRQHandler                 0x080001cf   Thumb Code     0  startup_stm32f103xb.o(.text)
    DMA1_Channel3_IRQHandler                 0x080001cf   Thumb Code     0  startup_stm32f103xb.o(.text)
    DMA1_Channel4_IRQHandler                 0x080001cf   Thumb Code     0  startup_stm32f103xb.o(.text)
    DMA1_Channel5_IRQHandler                 0x080001cf   Thumb Code     0  startup_stm32f103xb.o(.text)
    DMA1_Channel6_IRQHandler                 0x080001cf   Thumb Code     0  startup_stm32f103xb.o(.text)
    DMA1_Channel7_IRQHandler                 0x080001cf   Thumb Code     0  startup_stm32f103xb.o(.text)
    EXTI0_IRQHandler                         0x080001cf   Thumb Code     0  startup_stm32f103xb.o(.text)
    EXTI15_10_IRQHandler                     0x080001cf   Thumb Code     0  startup_stm32f103xb.o(.text)
    EXTI1_IRQHandler                         0x080001cf   Thumb Code     0  startup_stm32f103xb.o(.text)
    EXTI2_IRQHandler                         0x080001cf   Thumb Code     0  startup_stm32f103xb.o(.text)
    EXTI3_IRQHandler                         0x080001cf   Thumb Code     0  startup_stm32f103xb.o(.text)
    EXTI4_IRQHandler                         0x080001cf   Thumb Code     0  startup_stm32f103xb.o(.text)
    EXTI9_5_IRQHandler                       0x080001cf   Thumb Code     0  startup_stm32f103xb.o(.text)
    FLASH_IRQHandler                         0x080001cf   Thumb Code     0  startup_stm32f103xb.o(.text)
    I2C1_ER_IRQHandler                       0x080001cf   Thumb Code     0  startup_stm32f103xb.o(.text)
    I2C1_EV_IRQHandler                       0x080001cf   Thumb Code     0  startup_stm32f103xb.o(.text)
    I2C2_ER_IRQHandler                       0x080001cf   Thumb Code     0  startup_stm32f103xb.o(.text)
    I2C2_EV_IRQHandler                       0x080001cf   Thumb Code     0  startup_stm32f103xb.o(.text)
    PVD_IRQHandler                           0x080001cf   Thumb Code     0  startup_stm32f103xb.o(.text)
    RCC_IRQHandler                           0x080001cf   Thumb Code     0  startup_stm32f103xb.o(.text)
    RTC_Alarm_IRQHandler                     0x080001cf   Thumb Code     0  startup_stm32f103xb.o(.text)
    RTC_IRQHandler                           0x080001cf   Thumb Code     0  startup_stm32f103xb.o(.text)
    SPI1_IRQHandler                          0x080001cf   Thumb Code     0  startup_stm32f103xb.o(.text)
    SPI2_IRQHandler                          0x080001cf   Thumb Code     0  startup_stm32f103xb.o(.text)
    TAMPER_IRQHandler                        0x080001cf   Thumb Code     0  startup_stm32f103xb.o(.text)
    TIM1_BRK_IRQHandler                      0x080001cf   Thumb Code     0  startup_stm32f103xb.o(.text)
    TIM1_CC_IRQHandler                       0x080001cf   Thumb Code     0  startup_stm32f103xb.o(.text)
    TIM1_TRG_COM_IRQHandler                  0x080001cf   Thumb Code     0  startup_stm32f103xb.o(.text)
    TIM1_UP_IRQHandler                       0x080001cf   Thumb Code     0  startup_stm32f103xb.o(.text)
    TIM2_IRQHandler                          0x080001cf   Thumb Code     0  startup_stm32f103xb.o(.text)
    TIM3_IRQHandler                          0x080001cf   Thumb Code     0  startup_stm32f103xb.o(.text)
    TIM4_IRQHandler                          0x080001cf   Thumb Code     0  startup_stm32f103xb.o(.text)
    USART2_IRQHandler                        0x080001cf   Thumb Code     0  startup_stm32f103xb.o(.text)
    USART3_IRQHandler                        0x080001cf   Thumb Code     0  startup_stm32f103xb.o(.text)
    USBWakeUp_IRQHandler                     0x080001cf   Thumb Code     0  startup_stm32f103xb.o(.text)
    USB_HP_CAN1_TX_IRQHandler                0x080001cf   Thumb Code     0  startup_stm32f103xb.o(.text)
    USB_LP_CAN1_RX0_IRQHandler               0x080001cf   Thumb Code     0  startup_stm32f103xb.o(.text)
    WWDG_IRQHandler                          0x080001cf   Thumb Code     0  startup_stm32f103xb.o(.text)
    __user_initial_stackheap                 0x080001d1   Thumb Code     0  startup_stm32f103xb.o(.text)
    __2sprintf                               0x080001f5   Thumb Code    34  noretval__2sprintf.o(.text)
    _printf_int_dec                          0x0800021d   Thumb Code   104  _printf_dec.o(.text)
    __printf                                 0x08000295   Thumb Code   352  __printf_ss_wp.o(.text)
    atoi                                     0x080003f5   Thumb Code    26  atoi.o(.text)
    strlen                                   0x0800040f   Thumb Code    62  strlen.o(.text)
    strncmp                                  0x0800044d   Thumb Code   150  strncmp.o(.text)
    __aeabi_memclr4                          0x080004e3   Thumb Code     0  rt_memclr_w.o(.text)
    __aeabi_memclr8                          0x080004e3   Thumb Code     0  rt_memclr_w.o(.text)
    __rt_memclr_w                            0x080004e3   Thumb Code    78  rt_memclr_w.o(.text)
    _memset_w                                0x080004e7   Thumb Code     0  rt_memclr_w.o(.text)
    __use_two_region_memory                  0x08000531   Thumb Code     2  heapauxi.o(.text)
    __rt_heap_escrow$2region                 0x08000533   Thumb Code     2  heapauxi.o(.text)
    __rt_heap_expand$2region                 0x08000535   Thumb Code     2  heapauxi.o(.text)
    __aeabi_errno_addr                       0x08000539   Thumb Code     8  rt_errno_addr_intlibspace.o(.text)
    __errno$intlibspace                      0x08000539   Thumb Code     0  rt_errno_addr_intlibspace.o(.text)
    __rt_errno_addr$intlibspace              0x08000539   Thumb Code     0  rt_errno_addr_intlibspace.o(.text)
    _printf_int_common                       0x08000541   Thumb Code   178  _printf_intcommon.o(.text)
    __lib_sel_fp_printf                      0x080005f3   Thumb Code     2  _printf_fp_dec.o(.text)
    _printf_fp_dec_real                      0x080007a5   Thumb Code   620  _printf_fp_dec.o(.text)
    _printf_char_common                      0x08000a1b   Thumb Code    32  _printf_char_common.o(.text)
    _sputc                                   0x08000a41   Thumb Code    10  _sputc.o(.text)
    strtol                                   0x08000a4b   Thumb Code   112  strtol.o(.text)
    __user_libspace                          0x08000abd   Thumb Code     8  libspace.o(.text)
    __user_perproc_libspace                  0x08000abd   Thumb Code     0  libspace.o(.text)
    __user_perthread_libspace                0x08000abd   Thumb Code     0  libspace.o(.text)
    __rt_ctype_table                         0x08000ac5   Thumb Code    16  rt_ctype_table.o(.text)
    __rt_locale                              0x08000ad5   Thumb Code     8  rt_locale_intlibspace.o(.text)
    _ll_udiv10                               0x08000add   Thumb Code   138  lludiv10.o(.text)
    _printf_fp_infnan                        0x08000b69   Thumb Code   112  _printf_fp_infnan.o(.text)
    _strtoul                                 0x08000be9   Thumb Code   158  _strtoul.o(.text)
    _btod_etento                             0x08000c89   Thumb Code   224  bigflt0.o(.text)
    __user_setup_stackheap                   0x08000d6d   Thumb Code    74  sys_stackheap_outer.o(.text)
    _chval                                   0x08000db7   Thumb Code    28  _chval.o(.text)
    exit                                     0x08000dd3   Thumb Code    18  exit.o(.text)
    strcmp                                   0x08000de5   Thumb Code   128  strcmpv7m.o(.text)
    _sys_exit                                0x08000e65   Thumb Code     8  sys_exit.o(.text)
    __I$use$semihosting                      0x08000e71   Thumb Code     0  use_no_semi.o(.text)
    __use_no_semihosting_swi                 0x08000e71   Thumb Code     2  use_no_semi.o(.text)
    __semihosting_library_function           0x08000e73   Thumb Code     0  indicate_semi.o(.text)
    _btod_d2e                                0x08000e73   Thumb Code    62  btod.o(CL$$btod_d2e)
    _d2e_denorm_low                          0x08000eb1   Thumb Code    70  btod.o(CL$$btod_d2e_denorm_low)
    _d2e_norm_op1                            0x08000ef7   Thumb Code    96  btod.o(CL$$btod_d2e_norm_op1)
    __btod_div_common                        0x08000f57   Thumb Code   696  btod.o(CL$$btod_div_common)
    _e2e                                     0x0800128f   Thumb Code   220  btod.o(CL$$btod_e2e)
    _btod_ediv                               0x0800136b   Thumb Code    42  btod.o(CL$$btod_ediv)
    _btod_emul                               0x08001395   Thumb Code    42  btod.o(CL$$btod_emul)
    __btod_mult_common                       0x080013bf   Thumb Code   580  btod.o(CL$$btod_mult_common)
    BusFault_Handler                         0x08001603   Thumb Code     2  stm32f1xx_it.o(i.BusFault_Handler)
    DHT11_Read                               0x0800170d   Thumb Code   278  dht11.o(i.DHT11_Read)
    DebugMon_Handler                         0x08001829   Thumb Code     2  stm32f1xx_it.o(i.DebugMon_Handler)
    Error_Handler                            0x0800182b   Thumb Code     4  main.o(i.Error_Handler)
    HAL_Delay                                0x08001831   Thumb Code    32  stm32f1xx_hal.o(i.HAL_Delay)
    HAL_GPIO_Init                            0x08001855   Thumb Code   446  stm32f1xx_hal_gpio.o(i.HAL_GPIO_Init)
    HAL_GPIO_ReadPin                         0x08001a35   Thumb Code    10  stm32f1xx_hal_gpio.o(i.HAL_GPIO_ReadPin)
    HAL_GPIO_WritePin                        0x08001a3f   Thumb Code    10  stm32f1xx_hal_gpio.o(i.HAL_GPIO_WritePin)
    HAL_GetTick                              0x08001a49   Thumb Code     6  stm32f1xx_hal.o(i.HAL_GetTick)
    HAL_I2C_Init                             0x08001a55   Thumb Code   376  stm32f1xx_hal_i2c.o(i.HAL_I2C_Init)
    HAL_I2C_Mem_Write                        0x08001bdd   Thumb Code   294  stm32f1xx_hal_i2c.o(i.HAL_I2C_Mem_Write)
    HAL_I2C_MspInit                          0x08001d0d   Thumb Code    96  i2c.o(i.HAL_I2C_MspInit)
    HAL_IncTick                              0x08001d7d   Thumb Code    12  stm32f1xx_hal.o(i.HAL_IncTick)
    HAL_Init                                 0x08001d8d   Thumb Code    32  stm32f1xx_hal.o(i.HAL_Init)
    HAL_InitTick                             0x08001db1   Thumb Code    54  stm32f1xx_hal.o(i.HAL_InitTick)
    HAL_MspInit                              0x08001df1   Thumb Code    52  stm32f1xx_hal_msp.o(i.HAL_MspInit)
    HAL_NVIC_EnableIRQ                       0x08001e2d   Thumb Code    26  stm32f1xx_hal_cortex.o(i.HAL_NVIC_EnableIRQ)
    HAL_NVIC_SetPriority                     0x08001e49   Thumb Code    60  stm32f1xx_hal_cortex.o(i.HAL_NVIC_SetPriority)
    HAL_NVIC_SetPriorityGrouping             0x08001e89   Thumb Code    26  stm32f1xx_hal_cortex.o(i.HAL_NVIC_SetPriorityGrouping)
    HAL_RCC_ClockConfig                      0x08001ead   Thumb Code   280  stm32f1xx_hal_rcc.o(i.HAL_RCC_ClockConfig)
    HAL_RCC_GetPCLK1Freq                     0x08001fd9   Thumb Code    20  stm32f1xx_hal_rcc.o(i.HAL_RCC_GetPCLK1Freq)
    HAL_RCC_GetPCLK2Freq                     0x08001ff9   Thumb Code    20  stm32f1xx_hal_rcc.o(i.HAL_RCC_GetPCLK2Freq)
    HAL_RCC_GetSysClockFreq                  0x08002019   Thumb Code    58  stm32f1xx_hal_rcc.o(i.HAL_RCC_GetSysClockFreq)
    HAL_RCC_OscConfig                        0x08002065   Thumb Code   778  stm32f1xx_hal_rcc.o(i.HAL_RCC_OscConfig)
    HAL_SYSTICK_Config                       0x08002385   Thumb Code    40  stm32f1xx_hal_cortex.o(i.HAL_SYSTICK_Config)
    HAL_TIMEx_ConfigBreakDeadTime            0x080023ad   Thumb Code    84  stm32f1xx_hal_tim_ex.o(i.HAL_TIMEx_ConfigBreakDeadTime)
    HAL_TIMEx_MasterConfigSynchronization    0x08002401   Thumb Code    92  stm32f1xx_hal_tim_ex.o(i.HAL_TIMEx_MasterConfigSynchronization)
    HAL_TIM_Base_Init                        0x08002469   Thumb Code    90  stm32f1xx_hal_tim.o(i.HAL_TIM_Base_Init)
    HAL_TIM_Base_MspInit                     0x080024c5   Thumb Code    52  tim.o(i.HAL_TIM_Base_MspInit)
    HAL_TIM_ConfigClockSource                0x08002501   Thumb Code   220  stm32f1xx_hal_tim.o(i.HAL_TIM_ConfigClockSource)
    HAL_TIM_MspPostInit                      0x080025dd   Thumb Code   124  tim.o(i.HAL_TIM_MspPostInit)
    HAL_TIM_PWM_ConfigChannel                0x0800266d   Thumb Code   204  stm32f1xx_hal_tim.o(i.HAL_TIM_PWM_ConfigChannel)
    HAL_TIM_PWM_Init                         0x08002739   Thumb Code    90  stm32f1xx_hal_tim.o(i.HAL_TIM_PWM_Init)
    HAL_TIM_PWM_MspInit                      0x08002793   Thumb Code     2  stm32f1xx_hal_tim.o(i.HAL_TIM_PWM_MspInit)
    HAL_TIM_PWM_Start                        0x08002795   Thumb Code   144  stm32f1xx_hal_tim.o(i.HAL_TIM_PWM_Start)
    HAL_UART_Init                            0x08002831   Thumb Code   100  stm32f1xx_hal_uart.o(i.HAL_UART_Init)
    HAL_UART_MspInit                         0x08002895   Thumb Code   128  usart.o(i.HAL_UART_MspInit)
    HAL_UART_Transmit                        0x08002925   Thumb Code   160  stm32f1xx_hal_uart.o(i.HAL_UART_Transmit)
    HardFault_Handler                        0x080029c5   Thumb Code     2  stm32f1xx_it.o(i.HardFault_Handler)
    MX_GPIO_Init                             0x08002d01   Thumb Code   180  gpio.o(i.MX_GPIO_Init)
    MX_I2C1_Init                             0x08002dc1   Thumb Code    50  i2c.o(i.MX_I2C1_Init)
    MX_TIM1_Init                             0x08002e01   Thumb Code   194  tim.o(i.MX_TIM1_Init)
    MX_TIM2_Init                             0x08002ecd   Thumb Code   146  tim.o(i.MX_TIM2_Init)
    MX_USART1_UART_Init                      0x08002f65   Thumb Code    54  usart.o(i.MX_USART1_UART_Init)
    MemManage_Handler                        0x08002fa5   Thumb Code     2  stm32f1xx_it.o(i.MemManage_Handler)
    NMI_Handler                              0x08002fa7   Thumb Code     2  stm32f1xx_it.o(i.NMI_Handler)
    OLED_Clear                               0x08002fa9   Thumb Code    52  oled.o(i.OLED_Clear)
    OLED_Init                                0x08002fdd   Thumb Code    28  oled.o(i.OLED_Init)
    OLED_Set_Pos                             0x08002ffd   Thumb Code    34  oled.o(i.OLED_Set_Pos)
    OLED_ShowCHinese                         0x08003021   Thumb Code    80  oled.o(i.OLED_ShowCHinese)
    OLED_ShowChar                            0x08003075   Thumb Code   148  oled.o(i.OLED_ShowChar)
    OLED_ShowNum                             0x08003111   Thumb Code   116  oled.o(i.OLED_ShowNum)
    OLED_ShowString                          0x08003185   Thumb Code    88  oled.o(i.OLED_ShowString)
    OLED_WR_CMD                              0x080031dd   Thumb Code    32  oled.o(i.OLED_WR_CMD)
    OLED_WR_DATA                             0x08003201   Thumb Code    32  oled.o(i.OLED_WR_DATA)
    PWM_SetDriverCompare                     0x08003399   Thumb Code     8  tim.o(i.PWM_SetDriverCompare)
    PWM_SetServoCompare                      0x080033a5   Thumb Code     8  tim.o(i.PWM_SetServoCompare)
    PendSV_Handler                           0x08003495   Thumb Code     2  stm32f1xx_it.o(i.PendSV_Handler)
    SVC_Handler                              0x08003497   Thumb Code     2  stm32f1xx_it.o(i.SVC_Handler)
    SysTick_Handler                          0x08003499   Thumb Code     4  stm32f1xx_it.o(i.SysTick_Handler)
    SystemClock_Config                       0x0800349d   Thumb Code    94  main.o(i.SystemClock_Config)
    SystemInit                               0x080034fb   Thumb Code     2  system_stm32f1xx.o(i.SystemInit)
    TIM_Base_SetConfig                       0x080034fd   Thumb Code   108  stm32f1xx_hal_tim.o(i.TIM_Base_SetConfig)
    TIM_CCxChannelCmd                        0x08003575   Thumb Code    26  stm32f1xx_hal_tim.o(i.TIM_CCxChannelCmd)
    TIM_ETR_SetConfig                        0x0800358f   Thumb Code    20  stm32f1xx_hal_tim.o(i.TIM_ETR_SetConfig)
    TIM_OC2_SetConfig                        0x08003605   Thumb Code    84  stm32f1xx_hal_tim.o(i.TIM_OC2_SetConfig)
    USART1_IRQHandler                        0x080038b9   Thumb Code    74  stm32f1xx_it.o(i.USART1_IRQHandler)
    USART_SendString                         0x08003919   Thumb Code    24  usart.o(i.USART_SendString)
    UsageFault_Handler                       0x08003bb1   Thumb Code     2  stm32f1xx_it.o(i.UsageFault_Handler)
    __ARM_fpclassify                         0x08003bb3   Thumb Code    40  fpclassify.o(i.__ARM_fpclassify)
    _is_digit                                0x08003bfb   Thumb Code    14  __printf_wp.o(i._is_digit)
    main                                     0x08003c29   Thumb Code   734  main.o(i.main)
    oled_pow                                 0x08003f71   Thumb Code    16  oled.o(i.oled_pow)
    _get_lc_numeric                          0x08003fad   Thumb Code    44  lc_numeric_c.o(locale$$code)
    _get_lc_ctype                            0x08003fd9   Thumb Code    44  lc_ctype_c.o(locale$$code)
    __fpl_dretinf                            0x08004005   Thumb Code    12  dretinf.o(x$fpl$dretinf)
    __aeabi_f2d                              0x08004011   Thumb Code     0  f2d.o(x$fpl$f2d)
    _f2d                                     0x08004011   Thumb Code    86  f2d.o(x$fpl$f2d)
    __aeabi_fadd                             0x08004069   Thumb Code     0  faddsub_clz.o(x$fpl$fadd)
    _fadd                                    0x08004069   Thumb Code   196  faddsub_clz.o(x$fpl$fadd)
    __fpl_fcmp_Inf                           0x0800412d   Thumb Code    24  fcmpi.o(x$fpl$fcmpinf)
    __aeabi_fdiv                             0x08004145   Thumb Code     0  fdiv.o(x$fpl$fdiv)
    _fdiv                                    0x08004145   Thumb Code   384  fdiv.o(x$fpl$fdiv)
    __aeabi_cfcmpeq                          0x080042c9   Thumb Code     0  feqf.o(x$fpl$feqf)
    _fcmpeq                                  0x080042c9   Thumb Code   104  feqf.o(x$fpl$feqf)
    __aeabi_f2uiz                            0x08004331   Thumb Code     0  ffixu.o(x$fpl$ffixu)
    _ffixu                                   0x08004331   Thumb Code    62  ffixu.o(x$fpl$ffixu)
    __aeabi_ui2f                             0x08004371   Thumb Code     0  fflt_clz.o(x$fpl$ffltu)
    _ffltu                                   0x08004371   Thumb Code    38  fflt_clz.o(x$fpl$ffltu)
    __aeabi_cfcmple                          0x08004399   Thumb Code     0  fleqf.o(x$fpl$fleqf)
    _fcmple                                  0x08004399   Thumb Code   104  fleqf.o(x$fpl$fleqf)
    __fpl_fcmple_InfNaN                      0x080043eb   Thumb Code     0  fleqf.o(x$fpl$fleqf)
    __aeabi_fmul                             0x08004401   Thumb Code     0  fmul.o(x$fpl$fmul)
    _fmul                                    0x08004401   Thumb Code   258  fmul.o(x$fpl$fmul)
    __fpl_fnaninf                            0x08004503   Thumb Code   140  fnaninf.o(x$fpl$fnaninf)
    __fpl_fretinf                            0x0800458f   Thumb Code    10  fretinf.o(x$fpl$fretinf)
    __aeabi_cfrcmple                         0x08004599   Thumb Code     0  frleqf.o(x$fpl$frleqf)
    _frcmple                                 0x08004599   Thumb Code    98  frleqf.o(x$fpl$frleqf)
    __aeabi_fsub                             0x080045fd   Thumb Code     0  faddsub_clz.o(x$fpl$fsub)
    _fsub                                    0x080045fd   Thumb Code   234  faddsub_clz.o(x$fpl$fsub)
    _printf_fp_dec                           0x080046e7   Thumb Code     4  printf1.o(x$fpl$printf1)
    F6x8                                     0x080046ea   Data         552  oledfont.o(.constdata)
    __I$use$fp                               0x080046ea   Number         0  usenofp.o(x$fpl$usenofp)
    F8X16                                    0x08004912   Data        1504  oledfont.o(.constdata)
    Hzk                                      0x08004ef2   Data        1152  oledfont.o(.constdata)
    AHBPrescTable                            0x08005384   Data          16  system_stm32f1xx.o(.constdata)
    APBPrescTable                            0x08005394   Data           8  system_stm32f1xx.o(.constdata)
    Region$$Table$$Base                      0x08005430   Number         0  anon$$obj.o(Region$$Table)
    Region$$Table$$Limit                     0x08005450   Number         0  anon$$obj.o(Region$$Table)
    __ctype                                  0x08005479   Data           0  lc_ctype_c.o(locale$$data)
    CMD_Data                                 0x20000000   Data          23  oled.o(.data)
    usart_rx_flag                            0x2000004c   Data           1  usart.o(.data)
    usart_rx_len                             0x2000004d   Data           1  usart.o(.data)
    uwTickFreq                               0x20000050   Data           1  stm32f1xx_hal.o(.data)
    uwTickPrio                               0x20000054   Data           4  stm32f1xx_hal.o(.data)
    uwTick                                   0x20000058   Data           4  stm32f1xx_hal.o(.data)
    SystemCoreClock                          0x2000005c   Data           4  system_stm32f1xx.o(.data)
    hi2c1                                    0x200000e0   Data          84  i2c.o(.bss)
    htim1                                    0x20000134   Data          72  tim.o(.bss)
    htim2                                    0x2000017c   Data          72  tim.o(.bss)
    usart_rx_buf                             0x200001c4   Data          64  usart.o(.bss)
    huart1                                   0x20000204   Data          72  usart.o(.bss)
    __libspace_start                         0x2000024c   Data          96  libspace.o(.bss)
    __temporary_stack_top$libspace           0x200002ac   Data           0  libspace.o(.bss)



==============================================================================

Memory Map of the image

  Image Entry point : 0x080000ed

  Load Region LR_IROM1 (Base: 0x08000000, Size: 0x000055dc, Max: 0x00010000, ABSOLUTE)

    Execution Region ER_IROM1 (Exec base: 0x08000000, Load base: 0x08000000, Size: 0x0000557c, Max: 0x00010000, ABSOLUTE)

    Exec Addr    Load Addr    Size         Type   Attr      Idx    E Section Name        Object

    0x08000000   0x08000000   0x000000ec   Data   RO            3    RESET               startup_stm32f103xb.o
    0x080000ec   0x080000ec   0x00000008   Code   RO         3583  * !!!main             c_w.l(__main.o)
    0x080000f4   0x080000f4   0x00000034   Code   RO         3855    !!!scatter          c_w.l(__scatter.o)
    0x08000128   0x08000128   0x0000001a   Code   RO         3857    !!handler_copy      c_w.l(__scatter_copy.o)
    0x08000142   0x08000142   0x00000002   PAD
    0x08000144   0x08000144   0x0000001c   Code   RO         3859    !!handler_zi        c_w.l(__scatter_zi.o)
    0x08000160   0x08000160   0x00000000   Code   RO         3572    .ARM.Collect$$_printf_percent$$00000000  c_w.l(_printf_percent.o)
    0x08000160   0x08000160   0x00000006   Code   RO         3571    .ARM.Collect$$_printf_percent$$00000003  c_w.l(_printf_f.o)
    0x08000166   0x08000166   0x00000006   Code   RO         3570    .ARM.Collect$$_printf_percent$$0000000A  c_w.l(_printf_u.o)
    0x0800016c   0x0800016c   0x00000004   Code   RO         3635    .ARM.Collect$$_printf_percent$$00000017  c_w.l(_printf_percent_end.o)
    0x08000170   0x08000170   0x00000002   Code   RO         3728    .ARM.Collect$$libinit$$00000000  c_w.l(libinit.o)
    0x08000172   0x08000172   0x00000000   Code   RO         3730    .ARM.Collect$$libinit$$00000002  c_w.l(libinit2.o)
    0x08000172   0x08000172   0x00000000   Code   RO         3732    .ARM.Collect$$libinit$$00000004  c_w.l(libinit2.o)
    0x08000172   0x08000172   0x00000000   Code   RO         3735    .ARM.Collect$$libinit$$0000000A  c_w.l(libinit2.o)
    0x08000172   0x08000172   0x00000000   Code   RO         3737    .ARM.Collect$$libinit$$0000000C  c_w.l(libinit2.o)
    0x08000172   0x08000172   0x00000000   Code   RO         3739    .ARM.Collect$$libinit$$0000000E  c_w.l(libinit2.o)
    0x08000172   0x08000172   0x00000006   Code   RO         3740    .ARM.Collect$$libinit$$0000000F  c_w.l(libinit2.o)
    0x08000178   0x08000178   0x00000000   Code   RO         3742    .ARM.Collect$$libinit$$00000011  c_w.l(libinit2.o)
    0x08000178   0x08000178   0x0000000c   Code   RO         3743    .ARM.Collect$$libinit$$00000012  c_w.l(libinit2.o)
    0x08000184   0x08000184   0x00000000   Code   RO         3744    .ARM.Collect$$libinit$$00000013  c_w.l(libinit2.o)
    0x08000184   0x08000184   0x00000000   Code   RO         3746    .ARM.Collect$$libinit$$00000015  c_w.l(libinit2.o)
    0x08000184   0x08000184   0x0000000a   Code   RO         3747    .ARM.Collect$$libinit$$00000016  c_w.l(libinit2.o)
    0x0800018e   0x0800018e   0x00000000   Code   RO         3748    .ARM.Collect$$libinit$$00000017  c_w.l(libinit2.o)
    0x0800018e   0x0800018e   0x00000000   Code   RO         3750    .ARM.Collect$$libinit$$00000019  c_w.l(libinit2.o)
    0x0800018e   0x0800018e   0x00000000   Code   RO         3752    .ARM.Collect$$libinit$$0000001B  c_w.l(libinit2.o)
    0x0800018e   0x0800018e   0x00000000   Code   RO         3754    .ARM.Collect$$libinit$$0000001D  c_w.l(libinit2.o)
    0x0800018e   0x0800018e   0x00000000   Code   RO         3756    .ARM.Collect$$libinit$$0000001F  c_w.l(libinit2.o)
    0x0800018e   0x0800018e   0x00000000   Code   RO         3758    .ARM.Collect$$libinit$$00000021  c_w.l(libinit2.o)
    0x0800018e   0x0800018e   0x00000000   Code   RO         3760    .ARM.Collect$$libinit$$00000023  c_w.l(libinit2.o)
    0x0800018e   0x0800018e   0x00000000   Code   RO         3762    .ARM.Collect$$libinit$$00000025  c_w.l(libinit2.o)
    0x0800018e   0x0800018e   0x00000000   Code   RO         3766    .ARM.Collect$$libinit$$0000002C  c_w.l(libinit2.o)
    0x0800018e   0x0800018e   0x00000000   Code   RO         3768    .ARM.Collect$$libinit$$0000002E  c_w.l(libinit2.o)
    0x0800018e   0x0800018e   0x00000000   Code   RO         3770    .ARM.Collect$$libinit$$00000030  c_w.l(libinit2.o)
    0x0800018e   0x0800018e   0x00000000   Code   RO         3772    .ARM.Collect$$libinit$$00000032  c_w.l(libinit2.o)
    0x0800018e   0x0800018e   0x00000002   Code   RO         3773    .ARM.Collect$$libinit$$00000033  c_w.l(libinit2.o)
    0x08000190   0x08000190   0x00000002   Code   RO         3803    .ARM.Collect$$libshutdown$$00000000  c_w.l(libshutdown.o)
    0x08000192   0x08000192   0x00000000   Code   RO         3814    .ARM.Collect$$libshutdown$$00000002  c_w.l(libshutdown2.o)
    0x08000192   0x08000192   0x00000000   Code   RO         3816    .ARM.Collect$$libshutdown$$00000004  c_w.l(libshutdown2.o)
    0x08000192   0x08000192   0x00000000   Code   RO         3819    .ARM.Collect$$libshutdown$$00000007  c_w.l(libshutdown2.o)
    0x08000192   0x08000192   0x00000000   Code   RO         3822    .ARM.Collect$$libshutdown$$0000000A  c_w.l(libshutdown2.o)
    0x08000192   0x08000192   0x00000000   Code   RO         3824    .ARM.Collect$$libshutdown$$0000000C  c_w.l(libshutdown2.o)
    0x08000192   0x08000192   0x00000000   Code   RO         3827    .ARM.Collect$$libshutdown$$0000000F  c_w.l(libshutdown2.o)
    0x08000192   0x08000192   0x00000002   Code   RO         3828    .ARM.Collect$$libshutdown$$00000010  c_w.l(libshutdown2.o)
    0x08000194   0x08000194   0x00000000   Code   RO         3621    .ARM.Collect$$rtentry$$00000000  c_w.l(__rtentry.o)
    0x08000194   0x08000194   0x00000000   Code   RO         3651    .ARM.Collect$$rtentry$$00000002  c_w.l(__rtentry2.o)
    0x08000194   0x08000194   0x00000006   Code   RO         3663    .ARM.Collect$$rtentry$$00000004  c_w.l(__rtentry4.o)
    0x0800019a   0x0800019a   0x00000000   Code   RO         3653    .ARM.Collect$$rtentry$$00000009  c_w.l(__rtentry2.o)
    0x0800019a   0x0800019a   0x00000004   Code   RO         3654    .ARM.Collect$$rtentry$$0000000A  c_w.l(__rtentry2.o)
    0x0800019e   0x0800019e   0x00000000   Code   RO         3656    .ARM.Collect$$rtentry$$0000000C  c_w.l(__rtentry2.o)
    0x0800019e   0x0800019e   0x00000008   Code   RO         3657    .ARM.Collect$$rtentry$$0000000D  c_w.l(__rtentry2.o)
    0x080001a6   0x080001a6   0x00000002   Code   RO         3774    .ARM.Collect$$rtexit$$00000000  c_w.l(rtexit.o)
    0x080001a8   0x080001a8   0x00000000   Code   RO         3781    .ARM.Collect$$rtexit$$00000002  c_w.l(rtexit2.o)
    0x080001a8   0x080001a8   0x00000004   Code   RO         3782    .ARM.Collect$$rtexit$$00000003  c_w.l(rtexit2.o)
    0x080001ac   0x080001ac   0x00000006   Code   RO         3783    .ARM.Collect$$rtexit$$00000004  c_w.l(rtexit2.o)
    0x080001b2   0x080001b2   0x00000002   PAD
    0x080001b4   0x080001b4   0x00000040   Code   RO            4    .text               startup_stm32f103xb.o
    0x080001f4   0x080001f4   0x00000028   Code   RO         3544    .text               c_w.l(noretval__2sprintf.o)
    0x0800021c   0x0800021c   0x00000078   Code   RO         3548    .text               c_w.l(_printf_dec.o)
    0x08000294   0x08000294   0x00000160   Code   RO         3565    .text               c_w.l(__printf_ss_wp.o)
    0x080003f4   0x080003f4   0x0000001a   Code   RO         3573    .text               c_w.l(atoi.o)
    0x0800040e   0x0800040e   0x0000003e   Code   RO         3575    .text               c_w.l(strlen.o)
    0x0800044c   0x0800044c   0x00000096   Code   RO         3577    .text               c_w.l(strncmp.o)
    0x080004e2   0x080004e2   0x0000004e   Code   RO         3579    .text               c_w.l(rt_memclr_w.o)
    0x08000530   0x08000530   0x00000006   Code   RO         3581    .text               c_w.l(heapauxi.o)
    0x08000536   0x08000536   0x00000002   PAD
    0x08000538   0x08000538   0x00000008   Code   RO         3625    .text               c_w.l(rt_errno_addr_intlibspace.o)
    0x08000540   0x08000540   0x000000b2   Code   RO         3627    .text               c_w.l(_printf_intcommon.o)
    0x080005f2   0x080005f2   0x0000041e   Code   RO         3629    .text               c_w.l(_printf_fp_dec.o)
    0x08000a10   0x08000a10   0x00000030   Code   RO         3631    .text               c_w.l(_printf_char_common.o)
    0x08000a40   0x08000a40   0x0000000a   Code   RO         3633    .text               c_w.l(_sputc.o)
    0x08000a4a   0x08000a4a   0x00000070   Code   RO         3636    .text               c_w.l(strtol.o)
    0x08000aba   0x08000aba   0x00000002   PAD
    0x08000abc   0x08000abc   0x00000008   Code   RO         3647    .text               c_w.l(libspace.o)
    0x08000ac4   0x08000ac4   0x00000010   Code   RO         3665    .text               c_w.l(rt_ctype_table.o)
    0x08000ad4   0x08000ad4   0x00000008   Code   RO         3670    .text               c_w.l(rt_locale_intlibspace.o)
    0x08000adc   0x08000adc   0x0000008a   Code   RO         3672    .text               c_w.l(lludiv10.o)
    0x08000b66   0x08000b66   0x00000002   PAD
    0x08000b68   0x08000b68   0x00000080   Code   RO         3674    .text               c_w.l(_printf_fp_infnan.o)
    0x08000be8   0x08000be8   0x0000009e   Code   RO         3678    .text               c_w.l(_strtoul.o)
    0x08000c86   0x08000c86   0x00000002   PAD
    0x08000c88   0x08000c88   0x000000e4   Code   RO         3680    .text               c_w.l(bigflt0.o)
    0x08000d6c   0x08000d6c   0x0000004a   Code   RO         3712    .text               c_w.l(sys_stackheap_outer.o)
    0x08000db6   0x08000db6   0x0000001c   Code   RO         3714    .text               c_w.l(_chval.o)
    0x08000dd2   0x08000dd2   0x00000012   Code   RO         3719    .text               c_w.l(exit.o)
    0x08000de4   0x08000de4   0x00000080   Code   RO         3721    .text               c_w.l(strcmpv7m.o)
    0x08000e64   0x08000e64   0x0000000c   Code   RO         3793    .text               c_w.l(sys_exit.o)
    0x08000e70   0x08000e70   0x00000002   Code   RO         3804    .text               c_w.l(use_no_semi.o)
    0x08000e72   0x08000e72   0x00000000   Code   RO         3806    .text               c_w.l(indicate_semi.o)
    0x08000e72   0x08000e72   0x0000003e   Code   RO         3683    CL$$btod_d2e        c_w.l(btod.o)
    0x08000eb0   0x08000eb0   0x00000046   Code   RO         3685    CL$$btod_d2e_denorm_low  c_w.l(btod.o)
    0x08000ef6   0x08000ef6   0x00000060   Code   RO         3684    CL$$btod_d2e_norm_op1  c_w.l(btod.o)
    0x08000f56   0x08000f56   0x00000338   Code   RO         3693    CL$$btod_div_common  c_w.l(btod.o)
    0x0800128e   0x0800128e   0x000000dc   Code   RO         3690    CL$$btod_e2e        c_w.l(btod.o)
    0x0800136a   0x0800136a   0x0000002a   Code   RO         3687    CL$$btod_ediv       c_w.l(btod.o)
    0x08001394   0x08001394   0x0000002a   Code   RO         3686    CL$$btod_emul       c_w.l(btod.o)
    0x080013be   0x080013be   0x00000244   Code   RO         3692    CL$$btod_mult_common  c_w.l(btod.o)
    0x08001602   0x08001602   0x00000002   Code   RO          611    i.BusFault_Handler  stm32f1xx_it.o
    0x08001604   0x08001604   0x00000054   Code   RO          302    i.Button_ScanAdd    main.o
    0x08001658   0x08001658   0x00000054   Code   RO          303    i.Button_ScanSub    main.o
    0x080016ac   0x080016ac   0x00000060   Code   RO          304    i.CheckAlarm        main.o
    0x0800170c   0x0800170c   0x0000011c   Code   RO          262    i.DHT11_Read        dht11.o
    0x08001828   0x08001828   0x00000002   Code   RO          612    i.DebugMon_Handler  stm32f1xx_it.o
    0x0800182a   0x0800182a   0x00000004   Code   RO          305    i.Error_Handler     main.o
    0x0800182e   0x0800182e   0x00000002   PAD
    0x08001830   0x08001830   0x00000024   Code   RO         1197    i.HAL_Delay         stm32f1xx_hal.o
    0x08001854   0x08001854   0x000001e0   Code   RO         1507    i.HAL_GPIO_Init     stm32f1xx_hal_gpio.o
    0x08001a34   0x08001a34   0x0000000a   Code   RO         1509    i.HAL_GPIO_ReadPin  stm32f1xx_hal_gpio.o
    0x08001a3e   0x08001a3e   0x0000000a   Code   RO         1511    i.HAL_GPIO_WritePin  stm32f1xx_hal_gpio.o
    0x08001a48   0x08001a48   0x0000000c   Code   RO         1201    i.HAL_GetTick       stm32f1xx_hal.o
    0x08001a54   0x08001a54   0x00000188   Code   RO          764    i.HAL_I2C_Init      stm32f1xx_hal_i2c.o
    0x08001bdc   0x08001bdc   0x00000130   Code   RO          785    i.HAL_I2C_Mem_Write  stm32f1xx_hal_i2c.o
    0x08001d0c   0x08001d0c   0x00000070   Code   RO          453    i.HAL_I2C_MspInit   i2c.o
    0x08001d7c   0x08001d7c   0x00000010   Code   RO         1207    i.HAL_IncTick       stm32f1xx_hal.o
    0x08001d8c   0x08001d8c   0x00000024   Code   RO         1208    i.HAL_Init          stm32f1xx_hal.o
    0x08001db0   0x08001db0   0x00000040   Code   RO         1209    i.HAL_InitTick      stm32f1xx_hal.o
    0x08001df0   0x08001df0   0x0000003c   Code   RO          693    i.HAL_MspInit       stm32f1xx_hal_msp.o
    0x08001e2c   0x08001e2c   0x0000001a   Code   RO         1667    i.HAL_NVIC_EnableIRQ  stm32f1xx_hal_cortex.o
    0x08001e46   0x08001e46   0x00000002   PAD
    0x08001e48   0x08001e48   0x00000040   Code   RO         1673    i.HAL_NVIC_SetPriority  stm32f1xx_hal_cortex.o
    0x08001e88   0x08001e88   0x00000024   Code   RO         1674    i.HAL_NVIC_SetPriorityGrouping  stm32f1xx_hal_cortex.o
    0x08001eac   0x08001eac   0x0000012c   Code   RO         1365    i.HAL_RCC_ClockConfig  stm32f1xx_hal_rcc.o
    0x08001fd8   0x08001fd8   0x00000020   Code   RO         1372    i.HAL_RCC_GetPCLK1Freq  stm32f1xx_hal_rcc.o
    0x08001ff8   0x08001ff8   0x00000020   Code   RO         1373    i.HAL_RCC_GetPCLK2Freq  stm32f1xx_hal_rcc.o
    0x08002018   0x08002018   0x0000004c   Code   RO         1374    i.HAL_RCC_GetSysClockFreq  stm32f1xx_hal_rcc.o
    0x08002064   0x08002064   0x00000320   Code   RO         1377    i.HAL_RCC_OscConfig  stm32f1xx_hal_rcc.o
    0x08002384   0x08002384   0x00000028   Code   RO         1678    i.HAL_SYSTICK_Config  stm32f1xx_hal_cortex.o
    0x080023ac   0x080023ac   0x00000054   Code   RO         2876    i.HAL_TIMEx_ConfigBreakDeadTime  stm32f1xx_hal_tim_ex.o
    0x08002400   0x08002400   0x00000068   Code   RO         2892    i.HAL_TIMEx_MasterConfigSynchronization  stm32f1xx_hal_tim_ex.o
    0x08002468   0x08002468   0x0000005a   Code   RO         2169    i.HAL_TIM_Base_Init  stm32f1xx_hal_tim.o
    0x080024c2   0x080024c2   0x00000002   PAD
    0x080024c4   0x080024c4   0x0000003c   Code   RO          495    i.HAL_TIM_Base_MspInit  tim.o
    0x08002500   0x08002500   0x000000dc   Code   RO         2178    i.HAL_TIM_ConfigClockSource  stm32f1xx_hal_tim.o
    0x080025dc   0x080025dc   0x00000090   Code   RO          496    i.HAL_TIM_MspPostInit  tim.o
    0x0800266c   0x0800266c   0x000000cc   Code   RO         2241    i.HAL_TIM_PWM_ConfigChannel  stm32f1xx_hal_tim.o
    0x08002738   0x08002738   0x0000005a   Code   RO         2244    i.HAL_TIM_PWM_Init  stm32f1xx_hal_tim.o
    0x08002792   0x08002792   0x00000002   Code   RO         2246    i.HAL_TIM_PWM_MspInit  stm32f1xx_hal_tim.o
    0x08002794   0x08002794   0x0000009c   Code   RO         2249    i.HAL_TIM_PWM_Start  stm32f1xx_hal_tim.o
    0x08002830   0x08002830   0x00000064   Code   RO         3170    i.HAL_UART_Init     stm32f1xx_hal_uart.o
    0x08002894   0x08002894   0x00000090   Code   RO          561    i.HAL_UART_MspInit  usart.o
    0x08002924   0x08002924   0x000000a0   Code   RO         3178    i.HAL_UART_Transmit  stm32f1xx_hal_uart.o
    0x080029c4   0x080029c4   0x00000002   Code   RO          613    i.HardFault_Handler  stm32f1xx_it.o
    0x080029c6   0x080029c6   0x0000002e   Code   RO          807    i.I2C_IsAcknowledgeFailed  stm32f1xx_hal_i2c.o
    0x080029f4   0x080029f4   0x000000a8   Code   RO          818    i.I2C_RequestMemoryWrite  stm32f1xx_hal_i2c.o
    0x08002a9c   0x08002a9c   0x00000056   Code   RO          822    i.I2C_WaitOnBTFFlagUntilTimeout  stm32f1xx_hal_i2c.o
    0x08002af2   0x08002af2   0x00000002   PAD
    0x08002af4   0x08002af4   0x00000090   Code   RO          823    i.I2C_WaitOnFlagUntilTimeout  stm32f1xx_hal_i2c.o
    0x08002b84   0x08002b84   0x000000bc   Code   RO          824    i.I2C_WaitOnMasterAddressFlagUntilTimeout  stm32f1xx_hal_i2c.o
    0x08002c40   0x08002c40   0x00000056   Code   RO          826    i.I2C_WaitOnTXEFlagUntilTimeout  stm32f1xx_hal_i2c.o
    0x08002c96   0x08002c96   0x00000002   PAD
    0x08002c98   0x08002c98   0x00000068   Code   RO          306    i.LED_UpdateByAngle  main.o
    0x08002d00   0x08002d00   0x000000c0   Code   RO          428    i.MX_GPIO_Init      gpio.o
    0x08002dc0   0x08002dc0   0x00000040   Code   RO          454    i.MX_I2C1_Init      i2c.o
    0x08002e00   0x08002e00   0x000000cc   Code   RO          497    i.MX_TIM1_Init      tim.o
    0x08002ecc   0x08002ecc   0x00000098   Code   RO          498    i.MX_TIM2_Init      tim.o
    0x08002f64   0x08002f64   0x00000040   Code   RO          562    i.MX_USART1_UART_Init  usart.o
    0x08002fa4   0x08002fa4   0x00000002   Code   RO          614    i.MemManage_Handler  stm32f1xx_it.o
    0x08002fa6   0x08002fa6   0x00000002   Code   RO          615    i.NMI_Handler       stm32f1xx_it.o
    0x08002fa8   0x08002fa8   0x00000034   Code   RO           13    i.OLED_Clear        oled.o
    0x08002fdc   0x08002fdc   0x00000020   Code   RO           19    i.OLED_Init         oled.o
    0x08002ffc   0x08002ffc   0x00000022   Code   RO           22    i.OLED_Set_Pos      oled.o
    0x0800301e   0x0800301e   0x00000002   PAD
    0x08003020   0x08003020   0x00000054   Code   RO           23    i.OLED_ShowCHinese  oled.o
    0x08003074   0x08003074   0x0000009c   Code   RO           24    i.OLED_ShowChar     oled.o
    0x08003110   0x08003110   0x00000074   Code   RO           25    i.OLED_ShowNum      oled.o
    0x08003184   0x08003184   0x00000058   Code   RO           26    i.OLED_ShowString   oled.o
    0x080031dc   0x080031dc   0x00000024   Code   RO           30    i.OLED_WR_CMD       oled.o
    0x08003200   0x08003200   0x00000024   Code   RO           31    i.OLED_WR_DATA      oled.o
    0x08003224   0x08003224   0x000000b0   Code   RO          307    i.PID_FanControl    main.o
    0x080032d4   0x080032d4   0x00000016   Code   RO          308    i.PID_Init          main.o
    0x080032ea   0x080032ea   0x00000002   PAD
    0x080032ec   0x080032ec   0x000000ac   Code   RO          309    i.PID_Update        main.o
    0x08003398   0x08003398   0x0000000c   Code   RO          499    i.PWM_SetDriverCompare  tim.o
    0x080033a4   0x080033a4   0x0000000c   Code   RO          500    i.PWM_SetServoCompare  tim.o
    0x080033b0   0x080033b0   0x000000e4   Code   RO          310    i.ParseUSARTCommand  main.o
    0x08003494   0x08003494   0x00000002   Code   RO          616    i.PendSV_Handler    stm32f1xx_it.o
    0x08003496   0x08003496   0x00000002   Code   RO          617    i.SVC_Handler       stm32f1xx_it.o
    0x08003498   0x08003498   0x00000004   Code   RO          618    i.SysTick_Handler   stm32f1xx_it.o
    0x0800349c   0x0800349c   0x0000005e   Code   RO          311    i.SystemClock_Config  main.o
    0x080034fa   0x080034fa   0x00000002   Code   RO         3504    i.SystemInit        system_stm32f1xx.o
    0x080034fc   0x080034fc   0x00000078   Code   RO         2262    i.TIM_Base_SetConfig  stm32f1xx_hal_tim.o
    0x08003574   0x08003574   0x0000001a   Code   RO         2263    i.TIM_CCxChannelCmd  stm32f1xx_hal_tim.o
    0x0800358e   0x0800358e   0x00000014   Code   RO         2273    i.TIM_ETR_SetConfig  stm32f1xx_hal_tim.o
    0x080035a2   0x080035a2   0x00000010   Code   RO         2274    i.TIM_ITRx_SetConfig  stm32f1xx_hal_tim.o
    0x080035b2   0x080035b2   0x00000002   PAD
    0x080035b4   0x080035b4   0x00000050   Code   RO         2275    i.TIM_OC1_SetConfig  stm32f1xx_hal_tim.o
    0x08003604   0x08003604   0x00000058   Code   RO         2276    i.TIM_OC2_SetConfig  stm32f1xx_hal_tim.o
    0x0800365c   0x0800365c   0x00000058   Code   RO         2277    i.TIM_OC3_SetConfig  stm32f1xx_hal_tim.o
    0x080036b4   0x080036b4   0x00000044   Code   RO         2278    i.TIM_OC4_SetConfig  stm32f1xx_hal_tim.o
    0x080036f8   0x080036f8   0x00000022   Code   RO         2280    i.TIM_TI1_ConfigInputStage  stm32f1xx_hal_tim.o
    0x0800371a   0x0800371a   0x00000024   Code   RO         2282    i.TIM_TI2_ConfigInputStage  stm32f1xx_hal_tim.o
    0x0800373e   0x0800373e   0x0000004e   Code   RO         3193    i.UART_EndRxTransfer  stm32f1xx_hal_uart.o
    0x0800378c   0x0800378c   0x000000b8   Code   RO         3196    i.UART_SetConfig    stm32f1xx_hal_uart.o
    0x08003844   0x08003844   0x00000072   Code   RO         3199    i.UART_WaitOnFlagUntilTimeout  stm32f1xx_hal_uart.o
    0x080038b6   0x080038b6   0x00000002   PAD
    0x080038b8   0x080038b8   0x00000060   Code   RO          619    i.USART1_IRQHandler  stm32f1xx_it.o
    0x08003918   0x08003918   0x0000001c   Code   RO          563    i.USART_SendString  usart.o
    0x08003934   0x08003934   0x00000130   Code   RO          312    i.UpdateOLED_Main   main.o
    0x08003a64   0x08003a64   0x00000078   Code   RO          313    i.UpdateOLED_Screen1  main.o
    0x08003adc   0x08003adc   0x000000d4   Code   RO          314    i.UpdateOLED_Screen2  main.o
    0x08003bb0   0x08003bb0   0x00000002   Code   RO          620    i.UsageFault_Handler  stm32f1xx_it.o
    0x08003bb2   0x08003bb2   0x00000028   Code   RO         3710    i.__ARM_fpclassify  m_ws.l(fpclassify.o)
    0x08003bda   0x08003bda   0x00000020   Code   RO         1680    i.__NVIC_SetPriority  stm32f1xx_hal_cortex.o
    0x08003bfa   0x08003bfa   0x0000000e   Code   RO         3560    i._is_digit         c_w.l(__printf_wp.o)
    0x08003c08   0x08003c08   0x00000020   Code   RO          263    i.delay_us          dht11.o
    0x08003c28   0x08003c28   0x00000348   Code   RO          315    i.main              main.o
    0x08003f70   0x08003f70   0x00000010   Code   RO           32    i.oled_pow          oled.o
    0x08003f80   0x08003f80   0x0000002c   Code   RO          264    i.wait_level        dht11.o
    0x08003fac   0x08003fac   0x0000002c   Code   RO         3706    locale$$code        c_w.l(lc_numeric_c.o)
    0x08003fd8   0x08003fd8   0x0000002c   Code   RO         3717    locale$$code        c_w.l(lc_ctype_c.o)
    0x08004004   0x08004004   0x0000000c   Code   RO         3638    x$fpl$dretinf       fz_ws.l(dretinf.o)
    0x08004010   0x08004010   0x00000056   Code   RO         3585    x$fpl$f2d           fz_ws.l(f2d.o)
    0x08004066   0x08004066   0x00000002   PAD
    0x08004068   0x08004068   0x000000c4   Code   RO         3587    x$fpl$fadd          fz_ws.l(faddsub_clz.o)
    0x0800412c   0x0800412c   0x00000018   Code   RO         3640    x$fpl$fcmpinf       fz_ws.l(fcmpi.o)
    0x08004144   0x08004144   0x00000184   Code   RO         3594    x$fpl$fdiv          fz_ws.l(fdiv.o)
    0x080042c8   0x080042c8   0x00000068   Code   RO         3597    x$fpl$feqf          fz_ws.l(feqf.o)
    0x08004330   0x08004330   0x0000003e   Code   RO         3603    x$fpl$ffixu         fz_ws.l(ffixu.o)
    0x0800436e   0x0800436e   0x00000002   PAD
    0x08004370   0x08004370   0x00000026   Code   RO         3607    x$fpl$ffltu         fz_ws.l(fflt_clz.o)
    0x08004396   0x08004396   0x00000002   PAD
    0x08004398   0x08004398   0x00000068   Code   RO         3613    x$fpl$fleqf         fz_ws.l(fleqf.o)
    0x08004400   0x08004400   0x00000102   Code   RO         3615    x$fpl$fmul          fz_ws.l(fmul.o)
    0x08004502   0x08004502   0x0000008c   Code   RO         3642    x$fpl$fnaninf       fz_ws.l(fnaninf.o)
    0x0800458e   0x0800458e   0x0000000a   Code   RO         3644    x$fpl$fretinf       fz_ws.l(fretinf.o)
    0x08004598   0x08004598   0x00000062   Code   RO         3617    x$fpl$frleqf        fz_ws.l(frleqf.o)
    0x080045fa   0x080045fa   0x00000002   PAD
    0x080045fc   0x080045fc   0x000000ea   Code   RO         3589    x$fpl$fsub          fz_ws.l(faddsub_clz.o)
    0x080046e6   0x080046e6   0x00000004   Code   RO         3619    x$fpl$printf1       fz_ws.l(printf1.o)
    0x080046ea   0x080046ea   0x00000000   Code   RO         3646    x$fpl$usenofp       fz_ws.l(usenofp.o)
    0x080046ea   0x080046ea   0x00000228   Data   RO          244    .constdata          oledfont.o
    0x08004912   0x08004912   0x000005e0   Data   RO          245    .constdata          oledfont.o
    0x08004ef2   0x08004ef2   0x00000480   Data   RO          246    .constdata          oledfont.o
    0x08005372   0x08005372   0x00000012   Data   RO         1378    .constdata          stm32f1xx_hal_rcc.o
    0x08005384   0x08005384   0x00000010   Data   RO         3505    .constdata          system_stm32f1xx.o
    0x08005394   0x08005394   0x00000008   Data   RO         3506    .constdata          system_stm32f1xx.o
    0x0800539c   0x0800539c   0x00000094   Data   RO         3681    .constdata          c_w.l(bigflt0.o)
    0x08005430   0x08005430   0x00000020   Data   RO         3853    Region$$Table       anon$$obj.o
    0x08005450   0x08005450   0x0000001c   Data   RO         3705    locale$$data        c_w.l(lc_numeric_c.o)
    0x0800546c   0x0800546c   0x00000110   Data   RO         3716    locale$$data        c_w.l(lc_ctype_c.o)


    Execution Region RW_IRAM1 (Exec base: 0x20000000, Load base: 0x0800557c, Size: 0x000008b0, Max: 0x00005000, ABSOLUTE)

    Exec Addr    Load Addr    Size         Type   Attr      Idx    E Section Name        Object

    0x20000000   0x0800557c   0x00000017   Data   RW           33    .data               oled.o
    0x20000017   0x08005593   0x00000001   PAD
    0x20000018   0x08005594   0x00000034   Data   RW          317    .data               main.o
    0x2000004c   0x080055c8   0x00000001   Data   RW          566    .data               usart.o
    0x2000004d   0x080055c9   0x00000001   Data   RW          567    .data               usart.o
    0x2000004e   0x080055ca   0x00000001   Data   RW          621    .data               stm32f1xx_it.o
    0x2000004f   0x080055cb   0x00000001   PAD
    0x20000050   0x080055cc   0x0000000c   Data   RW         1215    .data               stm32f1xx_hal.o
    0x2000005c   0x080055d8   0x00000004   Data   RW         3507    .data               system_stm32f1xx.o
    0x20000060        -       0x00000080   Zero   RW          316    .bss                main.o
    0x200000e0        -       0x00000054   Zero   RW          455    .bss                i2c.o
    0x20000134        -       0x00000090   Zero   RW          501    .bss                tim.o
    0x200001c4        -       0x00000040   Zero   RW          564    .bss                usart.o
    0x20000204        -       0x00000048   Zero   RW          565    .bss                usart.o
    0x2000024c        -       0x00000060   Zero   RW         3648    .bss                c_w.l(libspace.o)
    0x200002ac   0x080055dc   0x00000004   PAD
    0x200002b0        -       0x00000200   Zero   RW            2    HEAP                startup_stm32f103xb.o
    0x200004b0        -       0x00000400   Zero   RW            1    STACK               startup_stm32f103xb.o


==============================================================================

Image component sizes


      Code (inc. data)   RO Data    RW Data    ZI Data      Debug   Object Name

       360         22          0          0          0       3149   dht11.o
       192         12          0          0          0        907   gpio.o
       176         30          0          0         84       1581   i2c.o
      2540        356          0         52        128      11480   main.o
       650         24          0         23          0     440061   oled.o
         0          0       3208          0          0        630   oledfont.o
        64         26        236          0       1536        792   startup_stm32f103xb.o
       164         28          0         12          0       5741   stm32f1xx_hal.o
       198         14          0          0          0      28815   stm32f1xx_hal_cortex.o
       500         34          0          0          0       3439   stm32f1xx_hal_gpio.o
      1414         32          0          0          0       9199   stm32f1xx_hal_i2c.o
        60          8          0          0          0        834   stm32f1xx_hal_msp.o
      1240         84         18          0          0       4992   stm32f1xx_hal_rcc.o
      1338         44          0          0          0      12000   stm32f1xx_hal_tim.o
       188         12          0          0          0       2084   stm32f1xx_hal_tim_ex.o
       636          6          0          0          0       4512   stm32f1xx_hal_uart.o
       116         22          0          1          0       4626   stm32f1xx_it.o
         2          0         24          4          0       1059   system_stm32f1xx.o
       584         52          0          0        144       3994   tim.o
       236         30          0          2        136       2317   usart.o

    ----------------------------------------------------------------------
     10676        836       3518         96       2028     542212   Object Totals
         0          0         32          0          0          0   (incl. Generated)
        18          0          0          2          0          0   (incl. Padding)

    ----------------------------------------------------------------------

      Code (inc. data)   RO Data    RW Data    ZI Data      Debug   Library Member Name

         8          0          0          0          0         68   __main.o
       352          0          0          0          0         88   __printf_ss_wp.o
        14          0          0          0          0         68   __printf_wp.o
         0          0          0          0          0          0   __rtentry.o
        12          0          0          0          0          0   __rtentry2.o
         6          0          0          0          0          0   __rtentry4.o
        52          8          0          0          0          0   __scatter.o
        26          0          0          0          0          0   __scatter_copy.o
        28          0          0          0          0          0   __scatter_zi.o
        28          0          0          0          0         68   _chval.o
        48          6          0          0          0         96   _printf_char_common.o
       120         16          0          0          0         92   _printf_dec.o
         6          0          0          0          0          0   _printf_f.o
      1054          0          0          0          0        216   _printf_fp_dec.o
       128         16          0          0          0         84   _printf_fp_infnan.o
       178          0          0          0          0         88   _printf_intcommon.o
         0          0          0          0          0          0   _printf_percent.o
         4          0          0          0          0          0   _printf_percent_end.o
         6          0          0          0          0          0   _printf_u.o
        10          0          0          0          0         68   _sputc.o
       158          0          0          0          0         92   _strtoul.o
        26          0          0          0          0         80   atoi.o
       228          4        148          0          0         96   bigflt0.o
      1936        128          0          0          0        672   btod.o
        18          0          0          0          0         80   exit.o
         6          0          0          0          0        152   heapauxi.o
         0          0          0          0          0          0   indicate_semi.o
        44         10        272          0          0         76   lc_ctype_c.o
        44         10         28          0          0         76   lc_numeric_c.o
         2          0          0          0          0          0   libinit.o
        30          0          0          0          0          0   libinit2.o
         2          0          0          0          0          0   libshutdown.o
         2          0          0          0          0          0   libshutdown2.o
         8          4          0          0         96         68   libspace.o
       138          0          0          0          0         80   lludiv10.o
        40          6          0          0          0         84   noretval__2sprintf.o
        16          4          0          0          0         76   rt_ctype_table.o
         8          4          0          0          0         68   rt_errno_addr_intlibspace.o
         8          4          0          0          0         68   rt_locale_intlibspace.o
        78          0          0          0          0         80   rt_memclr_w.o
         2          0          0          0          0          0   rtexit.o
        10          0          0          0          0          0   rtexit2.o
       128          0          0          0          0         68   strcmpv7m.o
        62          0          0          0          0         76   strlen.o
       150          0          0          0          0         80   strncmp.o
       112          0          0          0          0         88   strtol.o
        12          4          0          0          0         68   sys_exit.o
        74          0          0          0          0         80   sys_stackheap_outer.o
         2          0          0          0          0         68   use_no_semi.o
        12          0          0          0          0         68   dretinf.o
        86          4          0          0          0         84   f2d.o
       430          8          0          0          0        168   faddsub_clz.o
        24          0          0          0          0         68   fcmpi.o
       388         76          0          0          0         96   fdiv.o
       104          4          0          0          0         84   feqf.o
        62          4          0          0          0         84   ffixu.o
        38          0          0          0          0         68   fflt_clz.o
       104          4          0          0          0         84   fleqf.o
       258          4          0          0          0         84   fmul.o
       140          4          0          0          0         84   fnaninf.o
        10          0          0          0          0         68   fretinf.o
        98          0          0          0          0         68   frleqf.o
         4          0          0          0          0         68   printf1.o
         0          0          0          0          0          0   usenofp.o
        40          0          0          0          0         68   fpclassify.o

    ----------------------------------------------------------------------
      7242        332        448          0        100       4556   Library Totals
        20          0          0          0          4          0   (incl. Padding)

    ----------------------------------------------------------------------

      Code (inc. data)   RO Data    RW Data    ZI Data      Debug   Library Name

      5424        224        448          0         96       3312   c_w.l
      1758        108          0          0          0       1176   fz_ws.l
        40          0          0          0          0         68   m_ws.l

    ----------------------------------------------------------------------
      7242        332        448          0        100       4556   Library Totals

    ----------------------------------------------------------------------

==============================================================================


      Code (inc. data)   RO Data    RW Data    ZI Data      Debug   

     17918       1168       3966         96       2128     539120   Grand Totals
     17918       1168       3966         96       2128     539120   ELF Image Totals
     17918       1168       3966         96          0          0   ROM Totals

==============================================================================

    Total RO  Size (Code + RO Data)                21884 (  21.37kB)
    Total RW  Size (RW Data + ZI Data)              2224 (   2.17kB)
    Total ROM Size (Code + RO Data + RW Data)      21980 (  21.46kB)

==============================================================================

