res：products/INidf1Z75p/devices/ESP32_Test
et：1908110494
key：ZmVGRHdhTkpPRFhVYWxGbVR4cktNdFJDWUV0cDZKZkk=
method:md5
version:2018-10-31
Token：version=2018-10-31&res=products%2FINidf1Z75p%2Fdevices%2FESP32_Test&et=1908110494&method=md5&sign=Pdd3%2BW1M%2FAcIsODnX88HqQ%3D%3D


res：products/INidf1Z75p/devices/ESP32_Test
et：1908112656
key：ZmVGRHdhTkpPRFhVYWxGbVR4cktNdFJDWUV0cDZKZkk=
method:md5
version:2018-10-31
Token：version=2018-10-31&res=products%2FINidf1Z75p%2Fdevices%2FESP32_Test&et=1908112656&method=md5&sign=gKfYDcrkKR3eMCqDjIp2CQ%3D%3D


res：products/INidf1Z75p/devices/ESP32_Test
et：1908112656
key：ZmVGRHdhTkpPRFhVYWxGbVR4cktNdFJDWUV0cDZKZkk=
method:md5
version:2018-10-31
Token：version=2018-10-31&res=products%2FINidf1Z75p%2Fdevices%2FESP32_Test&et=1908112656&method=md5&sign=gKfYDcrkKR3eMCqDjIp2CQ%3D%3D


res：products/INidf1Z75p/devices/ESP32_Test
et：1908112656
key：ZmVGRHdhTkpPRFhVYWxGbVR4cktNdFJDWUV0cDZKZkk=
method:md5
version:2018-10-31
Token：version=2018-10-31&res=products%2FINidf1Z75p%2Fdevices%2FESP32_Test&et=1908112656&method=md5&sign=gKfYDcrkKR3eMCqDjIp2CQ%3D%3D


res：products/INidf1Z75p/devices/ESP32_Test
et：1908112656
key：ZmVGRHdhTkpPRFhVYWxGbVR4cktNdFJDWUV0cDZKZkk=
method:md5
version:2018-10-31
Token：version=2018-10-31&res=products%2FINidf1Z75p%2Fdevices%2FESP32_Test&et=1908112656&method=md5&sign=gKfYDcrkKR3eMCqDjIp2CQ%3D%3D


